Verifying alignment of build/native-backbone-r2-2026-10-05/crypt-native-backbone.apk (4)...
      87 META-INF/com/android/build/gradle/app-metadata.properties (OK - compressed)
     179 classes.dex (OK - compressed)
 3967092 classes2.dex (OK - compressed)
 4104445 classes4.dex (OK - compressed)
 4145152 lib/arm64-v8a/libdh2_engine_animation.so (OK)
12305572 assets/actors/crypt_candle1.bdae (OK - compressed)
12314073 assets/actors/crypt_candle1_small.bdae (OK - compressed)
12322574 assets/actors/crypt_candle2.bdae (OK - compressed)
12330898 assets/actors/crypt_candle_big.bdae (OK - compressed)
12339093 assets/actors/crypt_candles.bdae (OK - compressed)
12351101 assets/actors/crypt_candles2_small.bdae (OK - compressed)
12361487 assets/actors/crypt_candlestand.bdae (OK - compressed)
12377819 assets/actors/crypt_candlestand_big.bdae (OK - compressed)
12389113 assets/actors/ghost.bdae (OK - compressed)
12410406 assets/actors/ghost_attack_01.bdae (OK - compressed)
12415505 assets/actors/ghost_dying_01.bdae (OK - compressed)
12422165 assets/actors/ghost_idle_01.bdae (OK - compressed)
12439003 assets/actors/ghost_post_attack_01.bdae (OK - compressed)
12443047 assets/actors/ghost_pre_attack_01.bdae (OK - compressed)
12446827 assets/actors/ghost_walk_01.bdae (OK - compressed)
12460069 assets/actors/skeleton.bdae (OK - compressed)
12482384 assets/actors/skeleton_attack_01.bdae (OK - compressed)
12489401 assets/actors/skeleton_attack_01_to_idle.bdae (OK - compressed)
12500548 assets/actors/skeleton_attack_02.bdae (OK - compressed)
12506277 assets/actors/skeleton_attack_02_to_idle.bdae (OK - compressed)
12517518 assets/actors/skeleton_dying.bdae (OK - compressed)
12525060 assets/actors/skeleton_idle_01.bdae (OK - compressed)
12558121 assets/actors/skeleton_idle_02.bdae (OK - compressed)
12577277 assets/actors/skeleton_pre_attack_01.bdae (OK - compressed)
12583954 assets/actors/skeleton_pre_attack_02.bdae (OK - compressed)
12591127 assets/actors/skeleton_walk.bdae (OK - compressed)
12603209 assets/actors/slime_attack_01.bdae (OK - compressed)
12604530 assets/actors/slime_attack_01_to_idle.bdae (OK - compressed)
12606351 assets/actors/slime_attack_02.bdae (OK - compressed)
12608128 assets/actors/slime_attack_02_to_idle.bdae (OK - compressed)
12610418 assets/actors/slime_dying.bdae (OK - compressed)
12614295 assets/actors/slime_green_v2.bdae (OK - compressed)
12622954 assets/actors/slime_idle.bdae (OK - compressed)
12626093 assets/actors/slime_idle_02.bdae (OK - compressed)
12629113 assets/actors/slime_pre_attack_01.bdae (OK - compressed)
12630352 assets/actors/slime_pre_attack_02.bdae (OK - compressed)
12631695 assets/actors/slime_walk.bdae (OK - compressed)
12634089 assets/actors/swamp_caveentrance_effect.bdae (OK - compressed)
12639097 assets/ai-provenance.json (OK - compressed)
12639820 assets/animation-provenance.json (OK - compressed)
12641392 assets/animations/prince_1hand_combo_01.bdae (OK - compressed)
12645418 assets/animations/prince_1hand_combo_01_moving.bdae (OK - compressed)
12649871 assets/animations/prince_1hand_combo_01_to_idle.bdae (OK - compressed)
12654755 assets/animations/prince_1hand_combo_02.bdae (OK - compressed)
12659247 assets/animations/prince_1hand_combo_02_moving.bdae (OK - compressed)
12663590 assets/animations/prince_1hand_combo_02_to_idle.bdae (OK - compressed)
12669216 assets/animations/prince_1hand_combo_03.bdae (OK - compressed)
12673888 assets/animations/prince_1hand_combo_03_moving.bdae (OK - compressed)
12678396 assets/animations/prince_1hand_combo_03_to_idle.bdae (OK - compressed)
12683527 assets/animations/prince_1hand_post_combo_01_moving.bdae (OK - compressed)
12688640 assets/animations/prince_1hand_post_combo_02_moving.bdae (OK - compressed)
12693391 assets/animations/prince_1hand_post_combo_03_moving.bdae (OK - compressed)
12698657 assets/animations/prince_1hand_pre_combo_01.bdae (OK - compressed)
12702635 assets/animations/prince_1hand_pre_combo_01_moving.bdae (OK - compressed)
12706122 assets/animations/prince_1hand_pre_combo_02.bdae (OK - compressed)
12709706 assets/animations/prince_1hand_pre_combo_02_moving.bdae (OK - compressed)
12713223 assets/animations/prince_1hand_pre_combo_03.bdae (OK - compressed)
12716901 assets/animations/prince_1hand_pre_combo_03_moving.bdae (OK - compressed)
12720247 assets/animations/prince_2hand_combo_01.bdae (OK - compressed)
12724557 assets/animations/prince_2hand_combo_01_moving.bdae (OK - compressed)
12729473 assets/animations/prince_2hand_combo_01_to_idle.bdae (OK - compressed)
12734486 assets/animations/prince_2hand_combo_01_to_idle_moving.bdae (OK - compressed)
12741092 assets/animations/prince_2hand_combo_02.bdae (OK - compressed)
12744928 assets/animations/prince_2hand_combo_02_moving.bdae (OK - compressed)
12750009 assets/animations/prince_2hand_combo_02_to_idle.bdae (OK - compressed)
12756144 assets/animations/prince_2hand_combo_02_to_idle_moving.bdae (OK - compressed)
12762591 assets/animations/prince_2hand_combo_03.bdae (OK - compressed)
12766904 assets/animations/prince_2hand_combo_03_to_idle.bdae (OK - compressed)
12771915 assets/animations/prince_2hand_combo_03_to_idle_moving.bdae (OK - compressed)
12778660 assets/animations/prince_2hand_pre_combo_01.bdae (OK - compressed)
12782403 assets/animations/prince_2hand_pre_combo_01_moving.bdae (OK - compressed)
12786644 assets/animations/prince_2hand_pre_combo_02.bdae (OK - compressed)
12790862 assets/animations/prince_2hand_pre_combo_02_moving.bdae (OK - compressed)
12794918 assets/animations/prince_2hand_pre_combo_03.bdae (OK - compressed)
12799343 assets/animations/prince_2hand_pre_combo_03_moving.bdae (OK - compressed)
12803401 assets/animations/prince_block.bdae (OK - compressed)
12809123 assets/animations/prince_despawn_01.bdae (OK - compressed)
12811800 assets/animations/prince_dialog.bdae (OK - compressed)
12830133 assets/animations/prince_dodge.bdae (OK - compressed)
12837119 assets/animations/prince_dual_combo_01.bdae (OK - compressed)
12840783 assets/animations/prince_dual_combo_01_moving.bdae (OK - compressed)
12845147 assets/animations/prince_dual_combo_01_to_idle.bdae (OK - compressed)
12850348 assets/animations/prince_dual_combo_02.bdae (OK - compressed)
12854146 assets/animations/prince_dual_combo_02_moving.bdae (OK - compressed)
12858537 assets/animations/prince_dual_combo_02_to_idle.bdae (OK - compressed)
12864951 assets/animations/prince_dual_combo_03.bdae (OK - compressed)
12869207 assets/animations/prince_dual_combo_03_moving.bdae (OK - compressed)
12873624 assets/animations/prince_dual_combo_03_to_idle.bdae (OK - compressed)
12878959 assets/animations/prince_dual_combo_04.bdae (OK - compressed)
12882627 assets/animations/prince_dual_combo_04_moving.bdae (OK - compressed)
12887149 assets/animations/prince_dual_combo_04_to_idle.bdae (OK - compressed)
12892367 assets/animations/prince_dual_post_combo_01_moving.bdae (OK - compressed)
12897948 assets/animations/prince_dual_post_combo_02_moving.bdae (OK - compressed)
12903612 assets/animations/prince_dual_post_combo_03_moving.bdae (OK - compressed)
12909537 assets/animations/prince_dual_post_combo_04_moving.bdae (OK - compressed)
12915076 assets/animations/prince_dual_pre_combo_01.bdae (OK - compressed)
12918943 assets/animations/prince_dual_pre_combo_01_moving.bdae (OK - compressed)
12921933 assets/animations/prince_dual_pre_combo_02.bdae (OK - compressed)
12925438 assets/animations/prince_dual_pre_combo_02_moving.bdae (OK - compressed)
12928799 assets/animations/prince_dual_pre_combo_03.bdae (OK - compressed)
12932700 assets/animations/prince_dual_pre_combo_03_moving.bdae (OK - compressed)
12937130 assets/animations/prince_dual_pre_combo_04.bdae (OK - compressed)
12940836 assets/animations/prince_dual_pre_combo_04_moving.bdae (OK - compressed)
12945154 assets/animations/prince_dying_01.bdae (OK - compressed)
12954278 assets/animations/prince_feared.bdae (OK - compressed)
12959665 assets/animations/prince_great_pushback.bdae (OK - compressed)
12968153 assets/animations/prince_great_pushback_despawn.bdae (OK - compressed)
12971065 assets/animations/prince_great_pushback_dying.bdae (OK - compressed)
12976582 assets/animations/prince_great_pushback_standup.bdae (OK - compressed)
12986041 assets/animations/prince_hurt_01.bdae (OK - compressed)
12991134 assets/animations/prince_hurt_02.bdae (OK - compressed)
12997057 assets/animations/prince_hurt_03.bdae (OK - compressed)
13002291 assets/animations/prince_idle_2hand.bdae (OK - compressed)
13021398 assets/animations/prince_idle_2hand_02.bdae (OK - compressed)
13046735 assets/animations/prince_idle_dual.bdae (OK - compressed)
13064065 assets/animations/prince_idle_dual_02.bdae (OK - compressed)
13089389 assets/animations/prince_idle_ranged.bdae (OK - compressed)
13095120 assets/animations/prince_idle_shield.bdae (OK - compressed)
13112056 assets/animations/prince_idle_shield_02.bdae (OK - compressed)
13121221 assets/animations/prince_interaction.bdae (OK - compressed)
13127989 assets/animations/prince_interaction_shrine.bdae (OK - compressed)
13130539 assets/animations/prince_menu_idle_knight.bdae (OK - compressed)
13142920 assets/animations/prince_post_stunned.bdae (OK - compressed)
13148074 assets/animations/prince_pre_stunned.bdae (OK - compressed)
13151423 assets/animations/prince_pushback.bdae (OK - compressed)
13157623 assets/animations/prince_ranged_attack.bdae (OK - compressed)
13164318 assets/animations/prince_ranged_attack_02.bdae (OK - compressed)
13171386 assets/animations/prince_ranged_attack_03.bdae (OK - compressed)
13178584 assets/animations/prince_rogue_sneak_idle.bdae (OK - compressed)
13189275 assets/animations/prince_rogue_sneak_walk.bdae (OK - compressed)
13195966 assets/animations/prince_spell_channeling.bdae (OK - compressed)
13200931 assets/animations/prince_spell_hotty.bdae (OK - compressed)
13206171 assets/animations/prince_spell_pre_hotty.bdae (OK - compressed)
13210415 assets/animations/prince_spell_pre_rocky.bdae (OK - compressed)
13215452 assets/animations/prince_spell_pre_wetty.bdae (OK - compressed)
13219886 assets/animations/prince_spell_pre_windy.bdae (OK - compressed)
13224458 assets/animations/prince_spell_rocky.bdae (OK - compressed)
13229854 assets/animations/prince_spell_wetty.bdae (OK - compressed)
13235297 assets/animations/prince_spell_windy.bdae (OK - compressed)
13241383 assets/animations/prince_standup.bdae (OK - compressed)
13249153 assets/animations/prince_stunned.bdae (OK - compressed)
13256235 assets/animations/prince_template_anim.bdae (OK - compressed)
13262513 assets/animations/prince_walk_1hand.bdae (OK - compressed)
13268520 assets/animations/prince_walk_slow.bdae (OK - compressed)
13288565 assets/animations/root_troll_attack_01.bdae (OK - compressed)
13301354 assets/animations/root_troll_dome_idle.bdae (OK - compressed)
13306877 assets/animations/root_troll_dome_to_idle.bdae (OK - compressed)
13319927 assets/animations/root_troll_dome_warning.bdae (OK - compressed)
13321472 assets/animations/root_troll_idle_to_dome.bdae (OK - compressed)
13328355 assets/animations/root_troll_post_attack_01.bdae (OK - compressed)
13333351 assets/animations/root_troll_pre_attack_01.bdae (OK - compressed)
13340741 assets/animations/skill_dh2_prince_mage_wand_attack.bdae (OK - compressed)
13355358 assets/animations/skill_dh2_prince_rogue_vicious_strike.bdae (OK - compressed)
13365397 assets/animations/skill_dh2_prince_warrior_bash_down.bdae (OK - compressed)
13375198 assets/animations/skill_dh2_prince_warrior_charge.bdae (OK - compressed)
13382183 assets/animations/skill_dh2_prince_warrior_crushing_blow.bdae (OK - compressed)
13391251 assets/character-combat-provenance.json (OK - compressed)
13397275 assets/class-provenance.json (OK - compressed)
13397913 assets/data/ai_factions_pyarray.bin (OK - compressed)
13398150 assets/data/ai_factions_pyarraynames.bin (OK - compressed)
13398374 assets/data/ai_factions_pystructnames.bin (OK - compressed)
13398461 assets/data/ai_pyarray.bin (OK - compressed)
13399660 assets/data/ai_pyarraynames.bin (OK - compressed)
13400287 assets/data/ai_pystructnames.bin (OK - compressed)
13400509 assets/data/animations_dictionary_pyarray.bin (OK - compressed)
13411556 assets/data/animations_dictionary_pyarraynames.bin (OK - compressed)
13420245 assets/data/animations_pyarray.bin (OK - compressed)
13431301 assets/data/animations_pyarraynames.bin (OK - compressed)
13436445 assets/data/animations_pystructnames.bin (OK - compressed)
13436869 assets/data/character_classes_pyarray.bin (OK - compressed)
13443877 assets/data/character_classes_pyarraynames.bin (OK - compressed)
13446195 assets/data/character_classes_pycst.bin (OK - compressed)
13446441 assets/data/character_classes_pystructnames.bin (OK - compressed)
13446726 assets/data/character_models_dictionary_pyarray.bin (OK - compressed)
13448032 assets/data/character_models_dictionary_pyarraynames.bin (OK - compressed)
13448909 assets/data/character_properties_pyarray.bin (OK - compressed)
13466374 assets/data/character_properties_pyarraynames.bin (OK - compressed)
13469542 assets/data/character_properties_pystructnames.bin (OK - compressed)
13471264 assets/data/prince-animation-bank.bin (OK - compressed)
13479017 assets/data/prince-animation-bank.json (OK - compressed)
13489036 assets/models/candle_flame.bdae (OK - compressed)
13494771 assets/models/main_menu_charactere_swamp.bdae (OK - compressed)
13572349 assets/models/prince_modular.bdae (OK - compressed)
14215488 assets/player-combat-provenance.json (OK - compressed)
14216540 assets/player-defender-provenance.json (OK - compressed)
14217036 assets/player-locomotion-provenance.json (OK - compressed)
14219447 assets/texture-provenance.json (OK - compressed)
14220979 assets/textures/atlas_dh2_game_objects_001.tga (OK - compressed)
14609242 assets/textures/atlas_dh2_game_objects_001_alpha.tga (OK - compressed)
14641492 assets/textures/atlas_dh2_game_objects_001_specular.tga (OK - compressed)
14714062 assets/textures/atlas_fx_particles_001.tga (OK - compressed)
14779412 assets/textures/atlas_fx_particles_002.tga (OK - compressed)
14945685 assets/textures/atlas_modular_warrior.tga (OK - compressed)
15252832 assets/textures/atlas_skinned_characters_animdecor_gameobjects_001.tga (OK - compressed)
15699956 assets/textures/env_crypt.tga (OK - compressed)
16112425 assets/textures/env_crypt_alpha.tga (OK - compressed)
16163458 assets/textures/env_crypt_spec.tga (OK - compressed)
16244042 assets/textures/env_darkwoods_alpha.tga (OK - compressed)
16614789 assets/textures/env_selectorcharactere_solide.tga (OK - compressed)
17043232 assets/textures/fx_magic_lenz_flares_008.tga (OK - compressed)
17043900 assets/textures/fx_smoke_03.tga (OK - compressed)
17045095 assets/textures/fx_spark_01.tga (OK - compressed)
17045753 assets/textures/godparticle_face.tga (OK - compressed)
17047591 assets/textures/menugraphics03.tga (OK - compressed)
17294080 assets/textures/pvr2_env_crypt_alpha.tga (OK - compressed)
17345124 assets/textures/pvr2_env_darktemple_alpha.tga (OK - compressed)
17395567 assets/textures/pvr2_env_darkwoods_alpha_alpha.tga (OK - compressed)
17498799 assets/textures/skybox_selector.tga (OK - compressed)
17602728 assets/textures/skybox_wind.tga (OK - compressed)
17683892 assets/worlds/007_crypt_01.rule.xml (OK - compressed)
17684927 assets/worlds/crypt.bdae (OK - compressed)
19208291 assets/worlds/crypt01-provenance.json (OK - compressed)
19222233 assets/worlds/crypt01.dwld (OK - compressed)
19222455 assets/worlds/crypt2_straight_ns_01.mvp (OK - compressed)
19223124 assets/worlds/crypt_cemetery_entrance_01.mgp (OK - compressed)
19225061 assets/worlds/crypt_cemetery_entrance_01.mvp (OK - compressed)
19226247 assets/worlds/crypt_corner_ne_01.mvp (OK - compressed)
19227102 assets/worlds/crypt_corner_ne_02.mgp (OK - compressed)
19228035 assets/worlds/crypt_corner_nw_02.mgp (OK - compressed)
19228563 assets/worlds/crypt_corner_nw_02.mvp (OK - compressed)
19229317 assets/worlds/crypt_corner_sw_01.mvp (OK - compressed)
19230101 assets/worlds/crypt_corner_sw_02.mgp (OK - compressed)
19230668 assets/worlds/crypt_deadend_e_01.mgp (OK - compressed)
19231326 assets/worlds/crypt_deadend_e_01.mvp (OK - compressed)
19232021 assets/worlds/crypt_straight_c_ns_01.mgp (OK - compressed)
19234101 assets/worlds/crypt_straight_c_ns_01.mvp (OK - compressed)
19235297 assets/worlds/crypt_straight_ns_01.mgp (OK - compressed)
19236165 assets/worlds/crypt_t_sew_01.mgp (OK - compressed)
19236901 assets/worlds/crypt_t_sew_01.mvp (OK - compressed)
19237716 assets/worlds/x07_crypt_backup.mlx (OK - compressed)
19239036 AndroidManifest.xml (OK - compressed)
19240764 res/anim-v21/design_bottom_sheet_slide_in.xml (OK - compressed)
19241139 res/anim-v21/design_bottom_sheet_slide_out.xml (OK - compressed)
19241515 res/anim-v21/fragment_fast_out_extra_slow_in.xml (OK - compressed)
19241804 res/anim-v21/m3_bottom_sheet_slide_in.xml (OK - compressed)
19242176 res/anim-v21/m3_bottom_sheet_slide_out.xml (OK - compressed)
19242558 res/anim-v21/m3_side_sheet_enter_from_left.xml (OK - compressed)
19242880 res/anim-v21/m3_side_sheet_enter_from_right.xml (OK - compressed)
19243198 res/anim-v21/m3_side_sheet_exit_to_left.xml (OK - compressed)
19243516 res/anim-v21/m3_side_sheet_exit_to_right.xml (OK - compressed)
19243833 res/anim-v21/mtrl_bottom_sheet_slide_in.xml (OK - compressed)
19244206 res/anim-v21/mtrl_bottom_sheet_slide_out.xml (OK - compressed)
19244556 res/anim/abc_fade_in.xml (OK - compressed)
19244827 res/anim/abc_fade_out.xml (OK - compressed)
19245116 res/anim/abc_grow_fade_in_from_bottom.xml (OK - compressed)
19245550 res/anim/abc_popup_enter.xml (OK - compressed)
19245865 res/anim/abc_popup_exit.xml (OK - compressed)
19246198 res/anim/abc_shrink_fade_out_from_bottom.xml (OK - compressed)
19246637 res/anim/abc_slide_in_bottom.xml (OK - compressed)
19246924 res/anim/abc_slide_in_top.xml (OK - compressed)
19247216 res/anim/abc_slide_out_bottom.xml (OK - compressed)
19247503 res/anim/abc_slide_out_top.xml (OK - compressed)
19247791 res/anim/abc_tooltip_enter.xml (OK - compressed)
19248067 res/anim/abc_tooltip_exit.xml (OK - compressed)
19248377 res/anim/btn_checkbox_to_checked_box_inner_merged_animation.xml (OK - compressed)
19249110 res/anim/btn_checkbox_to_checked_box_outer_merged_animation.xml (OK - compressed)
19249938 res/anim/btn_checkbox_to_checked_icon_null_animation.xml (OK - compressed)
19250430 res/anim/btn_checkbox_to_unchecked_box_inner_merged_animation.xml (OK - compressed)
19251186 res/anim/btn_checkbox_to_unchecked_check_path_merged_animation.xml (OK - compressed)
19252005 res/anim/btn_checkbox_to_unchecked_icon_null_animation.xml (OK - compressed)
19252486 res/anim/btn_radio_to_off_mtrl_dot_group_animation.xml (OK - compressed)
19253002 res/anim/btn_radio_to_off_mtrl_ring_outer_animation.xml (OK - compressed)
19253525 res/anim/btn_radio_to_off_mtrl_ring_outer_path_animation.xml (OK - compressed)
19253981 res/anim/btn_radio_to_on_mtrl_dot_group_animation.xml (OK - compressed)
19254486 res/anim/btn_radio_to_on_mtrl_ring_outer_animation.xml (OK - compressed)
19255003 res/anim/btn_radio_to_on_mtrl_ring_outer_path_animation.xml (OK - compressed)
19255444 res/anim/design_snackbar_in.xml (OK - compressed)
19255686 res/anim/design_snackbar_out.xml (OK - compressed)
19255951 res/anim/linear_indeterminate_line1_head_interpolator.xml (OK - compressed)
19256252 res/anim/linear_indeterminate_line1_tail_interpolator.xml (OK - compressed)
19256550 res/anim/linear_indeterminate_line2_head_interpolator.xml (OK - compressed)
19256844 res/anim/linear_indeterminate_line2_tail_interpolator.xml (OK - compressed)
19257123 res/anim/m3_motion_fade_enter.xml (OK - compressed)
19257558 res/anim/m3_motion_fade_exit.xml (OK - compressed)
19257891 res/anim/mtrl_card_lowers_interpolator.xml (OK - compressed)
19258191 res/animator-v21/design_appbar_state_list_animator.xml (OK - compressed)
19258718 res/animator-v21/m3_appbar_state_list_animator.xml (OK - compressed)
19259235 res/animator/design_fab_hide_motion_spec.xml (OK - compressed)
19259639 res/animator/design_fab_show_motion_spec.xml (OK - compressed)
19260033 res/animator/fragment_close_enter.xml (OK - compressed)
19260494 res/animator/fragment_close_exit.xml (OK - compressed)
19260955 res/animator/fragment_fade_enter.xml (OK - compressed)
19261285 res/animator/fragment_fade_exit.xml (OK - compressed)
19261616 res/animator/fragment_open_enter.xml (OK - compressed)
19262070 res/animator/fragment_open_exit.xml (OK - compressed)
19262544 res/animator/m3_btn_elevated_btn_state_list_anim.xml (OK - compressed)
19263132 res/animator/m3_btn_state_list_anim.xml (OK - compressed)
19263730 res/animator/m3_card_elevated_state_list_anim.xml (OK - compressed)
19264339 res/animator/m3_card_state_list_anim.xml (OK - compressed)
19264939 res/animator/m3_chip_state_list_anim.xml (OK - compressed)
19265436 res/animator/m3_elevated_chip_state_list_anim.xml (OK - compressed)
19265930 res/animator/m3_extended_fab_change_size_collapse_motion_spec.xml (OK - compressed)
19266406 res/animator/m3_extended_fab_change_size_expand_motion_spec.xml (OK - compressed)
19266868 res/animator/m3_extended_fab_hide_motion_spec.xml (OK - compressed)
19267309 res/animator/m3_extended_fab_show_motion_spec.xml (OK - compressed)
19267749 res/animator/m3_extended_fab_state_list_animator.xml (OK - compressed)
19268438 res/animator/mtrl_btn_state_list_anim.xml (OK - compressed)
19269127 res/animator/mtrl_btn_unelevated_state_list_anim.xml (OK - compressed)
19269265 res/animator/mtrl_card_state_list_anim.xml (OK - compressed)
19269824 res/animator/mtrl_chip_state_list_anim.xml (OK - compressed)
19270312 res/animator/mtrl_extended_fab_change_size_collapse_motion_spec.xml (OK - compressed)
19270785 res/animator/mtrl_extended_fab_change_size_expand_motion_spec.xml (OK - compressed)
19271245 res/animator/mtrl_extended_fab_hide_motion_spec.xml (OK - compressed)
19271648 res/animator/mtrl_extended_fab_show_motion_spec.xml (OK - compressed)
19272093 res/animator/mtrl_extended_fab_state_list_animator.xml (OK - compressed)
19272780 res/animator/mtrl_fab_hide_motion_spec.xml (OK - compressed)
19273185 res/animator/mtrl_fab_show_motion_spec.xml (OK - compressed)
19273613 res/animator/mtrl_fab_transformation_sheet_collapse_spec.xml (OK - compressed)
19274213 res/animator/mtrl_fab_transformation_sheet_expand_spec.xml (OK - compressed)
19274809 res/color-night-v8/material_timepicker_button_stroke.xml (OK - compressed)
19275101 res/color-night-v8/material_timepicker_clockface.xml (OK - compressed)
19275400 res/color-night-v8/material_timepicker_modebutton_tint.xml (OK - compressed)
19275669 res/color-v23/abc_btn_colored_borderless_text_material.xml (OK - compressed)
19275989 res/color-v23/abc_btn_colored_text_material.xml (OK - compressed)
19276307 res/color-v23/abc_color_highlight_material.xml (OK - compressed)
19276635 res/color-v23/abc_tint_btn_checkable.xml (OK - compressed)
19276973 res/color-v23/abc_tint_default.xml (OK - compressed)
19277409 res/color-v23/abc_tint_edittext.xml (OK - compressed)
19277761 res/color-v23/abc_tint_seek_thumb.xml (OK - compressed)
19278067 res/color-v23/abc_tint_spinner.xml (OK - compressed)
19278421 res/color-v23/abc_tint_switch_track.xml (OK - compressed)
19278793 res/color-v31/m3_dynamic_dark_default_color_primary_text.xml (OK - compressed)
19279125 res/color-v31/m3_dynamic_dark_default_color_secondary_text.xml (OK - compressed)
19279448 res/color-v31/m3_dynamic_dark_highlighted_text.xml (OK - compressed)
19279728 res/color-v31/m3_dynamic_dark_hint_foreground.xml (OK - compressed)
19280075 res/color-v31/m3_dynamic_dark_primary_text_disable_only.xml (OK - compressed)
19280399 res/color-v31/m3_dynamic_default_color_primary_text.xml (OK - compressed)
19280727 res/color-v31/m3_dynamic_default_color_secondary_text.xml (OK - compressed)
19281045 res/color-v31/m3_dynamic_highlighted_text.xml (OK - compressed)
19281320 res/color-v31/m3_dynamic_hint_foreground.xml (OK - compressed)
19281664 res/color-v31/m3_dynamic_primary_text_disable_only.xml (OK - compressed)
19281985 res/color-v31/m3_ref_palette_dynamic_neutral12.xml (OK - compressed)
19282266 res/color-v31/m3_ref_palette_dynamic_neutral17.xml (OK - compressed)
19282547 res/color-v31/m3_ref_palette_dynamic_neutral22.xml (OK - compressed)
19282829 res/color-v31/m3_ref_palette_dynamic_neutral24.xml (OK - compressed)
19283110 res/color-v31/m3_ref_palette_dynamic_neutral4.xml (OK - compressed)
19283389 res/color-v31/m3_ref_palette_dynamic_neutral6.xml (OK - compressed)
19283671 res/color-v31/m3_ref_palette_dynamic_neutral87.xml (OK - compressed)
19283953 res/color-v31/m3_ref_palette_dynamic_neutral92.xml (OK - compressed)
19284235 res/color-v31/m3_ref_palette_dynamic_neutral94.xml (OK - compressed)
19284517 res/color-v31/m3_ref_palette_dynamic_neutral96.xml (OK - compressed)
19284799 res/color-v31/m3_ref_palette_dynamic_neutral98.xml (OK - compressed)
19285093 res/color/abc_background_cache_hint_selector_material_dark.xml (OK - compressed)
19285417 res/color/abc_background_cache_hint_selector_material_light.xml (OK - compressed)
19285725 res/color/abc_hint_foreground_material_dark.xml (OK - compressed)
19286064 res/color/abc_hint_foreground_material_light.xml (OK - compressed)
19286412 res/color/abc_primary_text_disable_only_material_dark.xml (OK - compressed)
19286728 res/color/abc_primary_text_disable_only_material_light.xml (OK - compressed)
19287030 res/color/abc_primary_text_material_dark.xml (OK - compressed)
19287334 res/color/abc_primary_text_material_light.xml (OK - compressed)
19287626 res/color/abc_search_url_text.xml (OK - compressed)
19287952 res/color/abc_secondary_text_material_dark.xml (OK - compressed)
19288259 res/color/abc_secondary_text_material_light.xml (OK - compressed)
19288556 res/color/design_box_stroke_color.xml (OK - compressed)
19288898 res/color/design_error.xml (OK - compressed)
19289188 res/color/design_icon_tint.xml (OK - compressed)
19289462 res/color/m3_appbar_overlay_color.xml (OK - compressed)
19289742 res/color/m3_assist_chip_icon_tint_color.xml (OK - compressed)
19290057 res/color/m3_assist_chip_stroke_color.xml (OK - compressed)
19290467 res/color/m3_bottom_sheet_drag_handle_color.xml (OK - compressed)
19290726 res/color/m3_button_background_color_selector.xml (OK - compressed)
19291049 res/color/m3_button_foreground_color_selector.xml (OK - compressed)
19291369 res/color/m3_button_outline_color_selector.xml (OK - compressed)
19291685 res/color/m3_button_ripple_color.xml (OK - compressed)
19292063 res/color/m3_button_ripple_color_selector.xml (OK - compressed)
19292440 res/color/m3_calendar_item_disabled_text.xml (OK - compressed)
19292722 res/color/m3_calendar_item_stroke_color.xml (OK - compressed)
19293074 res/color/m3_card_foreground_color.xml (OK - compressed)
19293452 res/color/m3_card_ripple_color.xml (OK - compressed)
19293923 res/color/m3_card_stroke_color.xml (OK - compressed)
19294406 res/color/m3_checkbox_button_icon_tint.xml (OK - compressed)
19294818 res/color/m3_checkbox_button_tint.xml (OK - compressed)
19295257 res/color/m3_chip_assist_text_color.xml (OK - compressed)
19295566 res/color/m3_chip_background_color.xml (OK - compressed)
19295908 res/color/m3_chip_ripple_color.xml (OK - compressed)
19296383 res/color/m3_chip_stroke_color.xml (OK - compressed)
19296780 res/color/m3_chip_text_color.xml (OK - compressed)
19297134 res/color/m3_dark_default_color_primary_text.xml (OK - compressed)
19297454 res/color/m3_dark_default_color_secondary_text.xml (OK - compressed)
19297765 res/color/m3_dark_highlighted_text.xml (OK - compressed)
19298033 res/color/m3_dark_hint_foreground.xml (OK - compressed)
19298370 res/color/m3_dark_primary_text_disable_only.xml (OK - compressed)
19298683 res/color/m3_default_color_primary_text.xml (OK - compressed)
19298999 res/color/m3_default_color_secondary_text.xml (OK - compressed)
19299316 res/color/m3_efab_ripple_color_selector.xml (OK - compressed)
19299695 res/color/m3_elevated_chip_background_color.xml (OK - compressed)
19300078 res/color/m3_fab_efab_background_color_selector.xml (OK - compressed)
19300403 res/color/m3_fab_efab_foreground_color_selector.xml (OK - compressed)
19300719 res/color/m3_fab_ripple_color_selector.xml (OK - compressed)
19301111 res/color/m3_filled_icon_button_container_color_selector.xml (OK - compressed)
19301467 res/color/m3_highlighted_text.xml (OK - compressed)
19301731 res/color/m3_hint_foreground.xml (OK - compressed)
19302069 res/color/m3_icon_button_icon_color_selector.xml (OK - compressed)
19302454 res/color/m3_navigation_bar_item_with_indicator_icon_tint.xml (OK - compressed)
19302891 res/color/m3_navigation_bar_item_with_indicator_label_tint.xml (OK - compressed)
19303312 res/color/m3_navigation_bar_ripple_color_selector.xml (OK - compressed)
19303754 res/color/m3_navigation_item_background_color.xml (OK - compressed)
19304080 res/color/m3_navigation_item_icon_tint.xml (OK - compressed)
19304541 res/color/m3_navigation_item_ripple_color.xml (OK - compressed)
19304996 res/color/m3_navigation_item_text_color.xml (OK - compressed)
19305474 res/color/m3_navigation_rail_item_with_indicator_icon_tint.xml (OK - compressed)
19305796 res/color/m3_navigation_rail_item_with_indicator_label_tint.xml (OK - compressed)
19306109 res/color/m3_navigation_rail_ripple_color_selector.xml (OK - compressed)
19306541 res/color/m3_popupmenu_overlay_color.xml (OK - compressed)
19306819 res/color/m3_primary_text_disable_only.xml (OK - compressed)
19307130 res/color/m3_radiobutton_button_tint.xml (OK - compressed)
19307602 res/color/m3_radiobutton_ripple_tint.xml (OK - compressed)
19308068 res/color/m3_selection_control_ripple_color_selector.xml (OK - compressed)
19308520 res/color/m3_simple_item_ripple_color.xml (OK - compressed)
19308893 res/color/m3_slider_active_track_color.xml (OK - compressed)
19309200 res/color/m3_slider_halo_color.xml (OK - compressed)
19309526 res/color/m3_slider_inactive_track_color.xml (OK - compressed)
19309833 res/color/m3_slider_thumb_color.xml (OK - compressed)
19310140 res/color/m3_switch_thumb_tint.xml (OK - compressed)
19310461 res/color/m3_switch_track_tint.xml (OK - compressed)
19310799 res/color/m3_tabs_icon_color.xml (OK - compressed)
19311148 res/color/m3_tabs_icon_color_secondary.xml (OK - compressed)
19311485 res/color/m3_tabs_ripple_color.xml (OK - compressed)
19311941 res/color/m3_tabs_ripple_color_secondary.xml (OK - compressed)
19312379 res/color/m3_tabs_text_color.xml (OK - compressed)
19312728 res/color/m3_tabs_text_color_secondary.xml (OK - compressed)
19313085 res/color/m3_text_button_background_color_selector.xml (OK - compressed)
19313411 res/color/m3_text_button_foreground_color_selector.xml (OK - compressed)
19313799 res/color/m3_text_button_ripple_color_selector.xml (OK - compressed)
19314329 res/color/m3_textfield_filled_background_color.xml (OK - compressed)
19314649 res/color/m3_textfield_indicator_text_color.xml (OK - compressed)
19315065 res/color/m3_textfield_input_text_color.xml (OK - compressed)
19315437 res/color/m3_textfield_label_color.xml (OK - compressed)
19315787 res/color/m3_textfield_stroke_color.xml (OK - compressed)
19316176 res/color/m3_timepicker_button_background_color.xml (OK - compressed)
19316497 res/color/m3_timepicker_button_ripple_color.xml (OK - compressed)
19316970 res/color/m3_timepicker_button_text_color.xml (OK - compressed)
19317348 res/color/m3_timepicker_clock_text_color.xml (OK - compressed)
19317658 res/color/m3_timepicker_display_background_color.xml (OK - compressed)
19317965 res/color/m3_timepicker_display_ripple_color.xml (OK - compressed)
19318417 res/color/m3_timepicker_display_text_color.xml (OK - compressed)
19318786 res/color/m3_timepicker_secondary_text_button_ripple_color.xml (OK - compressed)
19319179 res/color/m3_timepicker_secondary_text_button_text_color.xml (OK - compressed)
19319509 res/color/m3_timepicker_time_input_stroke_color.xml (OK - compressed)
19319821 res/color/m3_tonal_button_ripple_color_selector.xml (OK - compressed)
19320189 res/color/material_cursor_color.xml (OK - compressed)
19320434 res/color/material_divider_color.xml (OK - compressed)
19320720 res/color/material_on_background_disabled.xml (OK - compressed)
19321012 res/color/material_on_background_emphasis_high_type.xml (OK - compressed)
19321301 res/color/material_on_background_emphasis_medium.xml (OK - compressed)
19321579 res/color/material_on_primary_disabled.xml (OK - compressed)
19321868 res/color/material_on_primary_emphasis_high_type.xml (OK - compressed)
19322154 res/color/material_on_primary_emphasis_medium.xml (OK - compressed)
19322432 res/color/material_on_surface_disabled.xml (OK - compressed)
19322721 res/color/material_on_surface_emphasis_high_type.xml (OK - compressed)
19323007 res/color/material_on_surface_emphasis_medium.xml (OK - compressed)
19323283 res/color/material_on_surface_stroke.xml (OK - compressed)
19323577 res/color/material_personalized__highlighted_text.xml (OK - compressed)
19323869 res/color/material_personalized__highlighted_text_inverse.xml (OK - compressed)
19324154 res/color/material_personalized_color_primary_text.xml (OK - compressed)
19324486 res/color/material_personalized_color_primary_text_inverse.xml (OK - compressed)
19324812 res/color/material_personalized_color_secondary_text.xml (OK - compressed)
19325148 res/color/material_personalized_color_secondary_text_inverse.xml (OK - compressed)
19325473 res/color/material_personalized_hint_foreground.xml (OK - compressed)
19325821 res/color/material_personalized_hint_foreground_inverse.xml (OK - compressed)
19326180 res/color/material_personalized_primary_inverse_text_disable_only.xml (OK - compressed)
19326511 res/color/material_personalized_primary_text_disable_only.xml (OK - compressed)
19326833 res/color/material_slider_active_tick_marks_color.xml (OK - compressed)
19327166 res/color/material_slider_active_track_color.xml (OK - compressed)
19327483 res/color/material_slider_halo_color.xml (OK - compressed)
19327819 res/color/material_slider_inactive_tick_marks_color.xml (OK - compressed)
19328158 res/color/material_slider_inactive_track_color.xml (OK - compressed)
19328485 res/color/material_slider_thumb_color.xml (OK - compressed)
19328815 res/color/material_timepicker_button_background.xml (OK - compressed)
19329142 res/color/material_timepicker_button_stroke.xml (OK - compressed)
19329433 res/color/material_timepicker_clock_text_color.xml (OK - compressed)
19329736 res/color/material_timepicker_clockface.xml (OK - compressed)
19330024 res/color/material_timepicker_modebutton_tint.xml (OK - compressed)
19330301 res/color/mtrl_btn_bg_color_selector.xml (OK - compressed)
19330615 res/color/mtrl_btn_ripple_color.xml (OK - compressed)
19331013 res/color/mtrl_btn_stroke_color_selector.xml (OK - compressed)
19331345 res/color/mtrl_btn_text_btn_bg_color_selector.xml (OK - compressed)
19331669 res/color/mtrl_btn_text_btn_ripple_color.xml (OK - compressed)
19332065 res/color/mtrl_btn_text_color_selector.xml (OK - compressed)
19332389 res/color/mtrl_calendar_item_stroke_color.xml (OK - compressed)
19332779 res/color/mtrl_calendar_selected_range.xml (OK - compressed)
19333059 res/color/mtrl_card_view_foreground.xml (OK - compressed)
19333435 res/color/mtrl_card_view_ripple.xml (OK - compressed)
19333820 res/color/mtrl_chip_background_color.xml (OK - compressed)
19334205 res/color/mtrl_chip_close_icon_tint.xml (OK - compressed)
19334623 res/color/mtrl_chip_surface_color.xml (OK - compressed)
19334866 res/color/mtrl_chip_text_color.xml (OK - compressed)
19335199 res/color/mtrl_choice_chip_background_color.xml (OK - compressed)
19335590 res/color/mtrl_choice_chip_ripple_color.xml (OK - compressed)
19335990 res/color/mtrl_choice_chip_text_color.xml (OK - compressed)
19336355 res/color/mtrl_error.xml (OK - compressed)
19336655 res/color/mtrl_fab_bg_color_selector.xml (OK - compressed)
19336980 res/color/mtrl_fab_icon_text_color_selector.xml (OK - compressed)
19337294 res/color/mtrl_fab_ripple_color.xml (OK - compressed)
19337690 res/color/mtrl_filled_background_color.xml (OK - compressed)
19338066 res/color/mtrl_filled_icon_tint.xml (OK - compressed)
19338422 res/color/mtrl_filled_stroke_color.xml (OK - compressed)
19338813 res/color/mtrl_indicator_text_color.xml (OK - compressed)
19339148 res/color/mtrl_navigation_bar_colored_item_tint.xml (OK - compressed)
19339481 res/color/mtrl_navigation_bar_colored_ripple_color.xml (OK - compressed)
19339888 res/color/mtrl_navigation_bar_item_tint.xml (OK - compressed)
19340215 res/color/mtrl_navigation_bar_ripple_color.xml (OK - compressed)
19340717 res/color/mtrl_navigation_item_background_color.xml (OK - compressed)
19341069 res/color/mtrl_navigation_item_icon_tint.xml (OK - compressed)
19341426 res/color/mtrl_navigation_item_text_color.xml (OK - compressed)
19341796 res/color/mtrl_on_primary_text_btn_text_color_selector.xml (OK - compressed)
19342112 res/color/mtrl_on_surface_ripple_color.xml (OK - compressed)
19342485 res/color/mtrl_outlined_icon_tint.xml (OK - compressed)
19342843 res/color/mtrl_outlined_stroke_color.xml (OK - compressed)
19343238 res/color/mtrl_popupmenu_overlay_color.xml (OK - compressed)
19343515 res/color/mtrl_switch_thumb_icon_tint.xml (OK - compressed)
19343878 res/color/mtrl_switch_thumb_tint.xml (OK - compressed)
19344298 res/color/mtrl_switch_track_decoration_tint.xml (OK - compressed)
19344644 res/color/mtrl_switch_track_tint.xml (OK - compressed)
19345010 res/color/mtrl_tabs_colored_ripple_color.xml (OK - compressed)
19345417 res/color/mtrl_tabs_icon_color_selector.xml (OK - compressed)
19345743 res/color/mtrl_tabs_icon_color_selector_colored.xml (OK - compressed)
19346065 res/color/mtrl_tabs_legacy_text_color_selector.xml (OK - compressed)
19346359 res/color/mtrl_tabs_ripple_color.xml (OK - compressed)
19346857 res/color/mtrl_text_btn_text_color_selector.xml (OK - compressed)
19347252 res/color/switch_thumb_material_dark.xml (OK - compressed)
19347553 res/color/switch_thumb_material_light.xml (OK - compressed)
19347855 res/drawable-anydpi-v21/ic_call_answer.xml (OK - compressed)
19348594 res/drawable-anydpi-v21/ic_call_answer_low.xml (OK - compressed)
19349316 res/drawable-anydpi-v21/ic_call_answer_video.xml (OK - compressed)
19349819 res/drawable-anydpi-v21/ic_call_answer_video_low.xml (OK - compressed)
19350293 res/drawable-anydpi-v21/ic_call_decline.xml (OK - compressed)
19351104 res/drawable-anydpi-v21/ic_call_decline_low.xml (OK - compressed)
19351904 res/drawable-hdpi-v4/abc_ab_share_pack_mtrl_alpha.9.png (OK)
19352260 res/drawable-hdpi-v4/abc_btn_check_to_on_mtrl_000.png (OK)
19352572 res/drawable-hdpi-v4/abc_btn_check_to_on_mtrl_015.png (OK)
19353060 res/drawable-hdpi-v4/abc_btn_radio_to_on_mtrl_000.png (OK)
19353608 res/drawable-hdpi-v4/abc_btn_radio_to_on_mtrl_015.png (OK)
19354260 res/drawable-hdpi-v4/abc_btn_switch_to_on_mtrl_00001.9.png (OK)
19355444 res/drawable-hdpi-v4/abc_btn_switch_to_on_mtrl_00012.9.png (OK)
19356780 res/drawable-hdpi-v4/abc_cab_background_top_mtrl_alpha.9.png (OK)
19357096 res/drawable-hdpi-v4/abc_ic_commit_search_api_mtrl_alpha.png (OK)
19357352 res/drawable-hdpi-v4/abc_list_divider_mtrl_alpha.9.png (OK)
19357600 res/drawable-hdpi-v4/abc_list_focused_holo.9.png (OK)
19357928 res/drawable-hdpi-v4/abc_list_longpressed_holo.9.png (OK)
19358224 res/drawable-hdpi-v4/abc_list_pressed_holo_dark.9.png (OK)
19358516 res/drawable-hdpi-v4/abc_list_pressed_holo_light.9.png (OK)
19358820 res/drawable-hdpi-v4/abc_list_selector_disabled_holo_dark.9.png (OK)
19359144 res/drawable-hdpi-v4/abc_list_selector_disabled_holo_light.9.png (OK)
19359464 res/drawable-hdpi-v4/abc_menu_hardkey_panel_mtrl_mult.9.png (OK)
19360292 res/drawable-hdpi-v4/abc_popup_background_mtrl_mult.9.png (OK)
19361480 res/drawable-hdpi-v4/abc_scrubber_control_off_mtrl_alpha.png (OK)
19361776 res/drawable-hdpi-v4/abc_scrubber_control_to_pressed_mtrl_000.png (OK)
19362068 res/drawable-hdpi-v4/abc_scrubber_control_to_pressed_mtrl_005.png (OK)
19362428 res/drawable-hdpi-v4/abc_scrubber_primary_mtrl_alpha.9.png (OK)
19362720 res/drawable-hdpi-v4/abc_scrubber_track_mtrl_alpha.9.png (OK)
19363000 res/drawable-hdpi-v4/abc_spinner_mtrl_am_alpha.9.png (OK)
19363432 res/drawable-hdpi-v4/abc_switch_track_mtrl_alpha.9.png (OK)
19364004 res/drawable-hdpi-v4/abc_tab_indicator_mtrl_alpha.9.png (OK)
19364284 res/drawable-hdpi-v4/abc_text_select_handle_left_mtrl.png (OK)
19364652 res/drawable-hdpi-v4/abc_text_select_handle_middle_mtrl.png (OK)
19365136 res/drawable-hdpi-v4/abc_text_select_handle_right_mtrl.png (OK)
19365492 res/drawable-hdpi-v4/abc_textfield_activated_mtrl_alpha.9.png (OK)
19365768 res/drawable-hdpi-v4/abc_textfield_default_mtrl_alpha.9.png (OK)
19366060 res/drawable-hdpi-v4/abc_textfield_search_activated_mtrl_alpha.9.png (OK)
19366336 res/drawable-hdpi-v4/abc_textfield_search_default_mtrl_alpha.9.png (OK)
19366584 res/drawable-hdpi-v4/ic_call_answer.png (OK)
19367132 res/drawable-hdpi-v4/ic_call_answer_low.png (OK)
19367680 res/drawable-hdpi-v4/ic_call_answer_video.png (OK)
19368016 res/drawable-hdpi-v4/ic_call_answer_video_low.png (OK)
19368340 res/drawable-hdpi-v4/ic_call_decline.png (OK)
19368792 res/drawable-hdpi-v4/ic_call_decline_low.png (OK)
19369252 res/drawable-hdpi-v4/notification_bg_low_normal.9.png (OK)
19369548 res/drawable-hdpi-v4/notification_bg_low_pressed.9.png (OK)
19369852 res/drawable-hdpi-v4/notification_bg_normal.9.png (OK)
19370152 res/drawable-hdpi-v4/notification_bg_normal_pressed.9.png (OK)
19370468 res/drawable-hdpi-v4/notify_panel_notification_icon_bg.png (OK)
19370644 res/drawable-ldpi-v4/ic_call_answer.png (OK)
19370988 res/drawable-ldpi-v4/ic_call_answer_low.png (OK)
19371336 res/drawable-ldpi-v4/ic_call_answer_video.png (OK)
19371616 res/drawable-ldpi-v4/ic_call_answer_video_low.png (OK)
19371888 res/drawable-ldpi-v4/ic_call_decline.png (OK)
19372164 res/drawable-ldpi-v4/ic_call_decline_low.png (OK)
19372456 res/drawable-ldrtl-hdpi-v17/abc_spinner_mtrl_am_alpha.9.png (OK)
19372892 res/drawable-ldrtl-mdpi-v17/abc_spinner_mtrl_am_alpha.9.png (OK)
19373300 res/drawable-ldrtl-xhdpi-v17/abc_spinner_mtrl_am_alpha.9.png (OK)
19373808 res/drawable-ldrtl-xxhdpi-v17/abc_spinner_mtrl_am_alpha.9.png (OK)
19374428 res/drawable-ldrtl-xxxhdpi-v17/abc_spinner_mtrl_am_alpha.9.png (OK)
19374952 res/drawable-mdpi-v4/abc_ab_share_pack_mtrl_alpha.9.png (OK)
19375304 res/drawable-mdpi-v4/abc_btn_check_to_on_mtrl_000.png (OK)
19375604 res/drawable-mdpi-v4/abc_btn_check_to_on_mtrl_015.png (OK)
19376008 res/drawable-mdpi-v4/abc_btn_radio_to_on_mtrl_000.png (OK)
19376416 res/drawable-mdpi-v4/abc_btn_radio_to_on_mtrl_015.png (OK)
19376860 res/drawable-mdpi-v4/abc_btn_switch_to_on_mtrl_00001.9.png (OK)
19377704 res/drawable-mdpi-v4/abc_btn_switch_to_on_mtrl_00012.9.png (OK)
19378620 res/drawable-mdpi-v4/abc_cab_background_top_mtrl_alpha.9.png (OK)
19378928 res/drawable-mdpi-v4/abc_ic_commit_search_api_mtrl_alpha.png (OK)
19379188 res/drawable-mdpi-v4/abc_list_divider_mtrl_alpha.9.png (OK)
19379436 res/drawable-mdpi-v4/abc_list_focused_holo.9.png (OK)
19379740 res/drawable-mdpi-v4/abc_list_longpressed_holo.9.png (OK)
19380036 res/drawable-mdpi-v4/abc_list_pressed_holo_dark.9.png (OK)
19380328 res/drawable-mdpi-v4/abc_list_pressed_holo_light.9.png (OK)
19380628 res/drawable-mdpi-v4/abc_list_selector_disabled_holo_dark.9.png (OK)
19380940 res/drawable-mdpi-v4/abc_list_selector_disabled_holo_light.9.png (OK)
19381248 res/drawable-mdpi-v4/abc_menu_hardkey_panel_mtrl_mult.9.png (OK)
19381876 res/drawable-mdpi-v4/abc_popup_background_mtrl_mult.9.png (OK)
19382744 res/drawable-mdpi-v4/abc_scrubber_control_off_mtrl_alpha.png (OK)
19383000 res/drawable-mdpi-v4/abc_scrubber_control_to_pressed_mtrl_000.png (OK)
19383240 res/drawable-mdpi-v4/abc_scrubber_control_to_pressed_mtrl_005.png (OK)
19383528 res/drawable-mdpi-v4/abc_scrubber_primary_mtrl_alpha.9.png (OK)
19383820 res/drawable-mdpi-v4/abc_scrubber_track_mtrl_alpha.9.png (OK)
19384096 res/drawable-mdpi-v4/abc_spinner_mtrl_am_alpha.9.png (OK)
19384508 res/drawable-mdpi-v4/abc_switch_track_mtrl_alpha.9.png (OK)
19384988 res/drawable-mdpi-v4/abc_tab_indicator_mtrl_alpha.9.png (OK)
19385264 res/drawable-mdpi-v4/abc_text_select_handle_left_mtrl.png (OK)
19385556 res/drawable-mdpi-v4/abc_text_select_handle_middle_mtrl.png (OK)
19385956 res/drawable-mdpi-v4/abc_text_select_handle_right_mtrl.png (OK)
19386236 res/drawable-mdpi-v4/abc_textfield_activated_mtrl_alpha.9.png (OK)
19386508 res/drawable-mdpi-v4/abc_textfield_default_mtrl_alpha.9.png (OK)
19386784 res/drawable-mdpi-v4/abc_textfield_search_activated_mtrl_alpha.9.png (OK)
19387060 res/drawable-mdpi-v4/abc_textfield_search_default_mtrl_alpha.9.png (OK)
19387308 res/drawable-mdpi-v4/ic_call_answer.png (OK)
19387700 res/drawable-mdpi-v4/ic_call_answer_low.png (OK)
19388092 res/drawable-mdpi-v4/ic_call_answer_video.png (OK)
19388380 res/drawable-mdpi-v4/ic_call_answer_video_low.png (OK)
19388656 res/drawable-mdpi-v4/ic_call_decline.png (OK)
19388996 res/drawable-mdpi-v4/ic_call_decline_low.png (OK)
19389344 res/drawable-mdpi-v4/notification_bg_low_normal.9.png (OK)
19389644 res/drawable-mdpi-v4/notification_bg_low_pressed.9.png (OK)
19389948 res/drawable-mdpi-v4/notification_bg_normal.9.png (OK)
19390252 res/drawable-mdpi-v4/notification_bg_normal_pressed.9.png (OK)
19390564 res/drawable-mdpi-v4/notify_panel_notification_icon_bg.png (OK)
19390752 res/drawable-v21/abc_action_bar_item_background_material.xml (OK - compressed)
19390979 res/drawable-v21/abc_btn_colored_material.xml (OK - compressed)
19391611 res/drawable-v21/abc_dialog_material_background.xml (OK - compressed)
19392007 res/drawable-v21/abc_edit_text_material.xml (OK - compressed)
19392546 res/drawable-v21/abc_list_divider_material.xml (OK - compressed)
19392867 res/drawable-v21/material_cursor_drawable.xml (OK - compressed)
19393224 res/drawable-v21/mtrl_navigation_bar_item_background.xml (OK - compressed)
19393461 res/drawable-v21/notification_action_background.xml (OK - compressed)
19394015 res/drawable-v23/abc_control_background_material.xml (OK - compressed)
19394261 res/drawable-v23/m3_appbar_background.xml (OK - compressed)
19394592 res/drawable-v23/m3_popupmenu_background_overlay.xml (OK - compressed)
19395075 res/drawable-v23/m3_radiobutton_ripple.xml (OK - compressed)
19395329 res/drawable-v23/m3_selection_control_ripple.xml (OK - compressed)
19395573 res/drawable-v23/m3_tabs_background.xml (OK - compressed)
19395973 res/drawable-v23/m3_tabs_transparent_background.xml (OK - compressed)
19396332 res/drawable-v23/mtrl_popupmenu_background_overlay.xml (OK - compressed)
19396830 res/drawable-watch-v20/abc_dialog_material_background.xml (OK - compressed)
19397104 res/drawable-xhdpi-v4/abc_ab_share_pack_mtrl_alpha.9.png (OK)
19397468 res/drawable-xhdpi-v4/abc_btn_check_to_on_mtrl_000.png (OK)
19397836 res/drawable-xhdpi-v4/abc_btn_check_to_on_mtrl_015.png (OK)
19398352 res/drawable-xhdpi-v4/abc_btn_radio_to_on_mtrl_000.png (OK)
19399088 res/drawable-xhdpi-v4/abc_btn_radio_to_on_mtrl_015.png (OK)
19399964 res/drawable-xhdpi-v4/abc_btn_switch_to_on_mtrl_00001.9.png (OK)
19401580 res/drawable-xhdpi-v4/abc_btn_switch_to_on_mtrl_00012.9.png (OK)
19403404 res/drawable-xhdpi-v4/abc_cab_background_top_mtrl_alpha.9.png (OK)
19403724 res/drawable-xhdpi-v4/abc_ic_commit_search_api_mtrl_alpha.png (OK)
19404040 res/drawable-xhdpi-v4/abc_list_divider_mtrl_alpha.9.png (OK)
19404288 res/drawable-xhdpi-v4/abc_list_focused_holo.9.png (OK)
19404616 res/drawable-xhdpi-v4/abc_list_longpressed_holo.9.png (OK)
19404916 res/drawable-xhdpi-v4/abc_list_pressed_holo_dark.9.png (OK)
19405212 res/drawable-xhdpi-v4/abc_list_pressed_holo_light.9.png (OK)
19405516 res/drawable-xhdpi-v4/abc_list_selector_disabled_holo_dark.9.png (OK)
19405848 res/drawable-xhdpi-v4/abc_list_selector_disabled_holo_light.9.png (OK)
19406176 res/drawable-xhdpi-v4/abc_menu_hardkey_panel_mtrl_mult.9.png (OK)
19407232 res/drawable-xhdpi-v4/abc_popup_background_mtrl_mult.9.png (OK)
19408868 res/drawable-xhdpi-v4/abc_scrubber_control_off_mtrl_alpha.png (OK)
19409232 res/drawable-xhdpi-v4/abc_scrubber_control_to_pressed_mtrl_000.png (OK)
19409596 res/drawable-xhdpi-v4/abc_scrubber_control_to_pressed_mtrl_005.png (OK)
19410076 res/drawable-xhdpi-v4/abc_scrubber_primary_mtrl_alpha.9.png (OK)
19410372 res/drawable-xhdpi-v4/abc_scrubber_track_mtrl_alpha.9.png (OK)
19410656 res/drawable-xhdpi-v4/abc_spinner_mtrl_am_alpha.9.png (OK)
19411192 res/drawable-xhdpi-v4/abc_switch_track_mtrl_alpha.9.png (OK)
19411896 res/drawable-xhdpi-v4/abc_tab_indicator_mtrl_alpha.9.png (OK)
19412180 res/drawable-xhdpi-v4/abc_text_select_handle_left_mtrl.png (OK)
19412608 res/drawable-xhdpi-v4/abc_text_select_handle_middle_mtrl.png (OK)
19413284 res/drawable-xhdpi-v4/abc_text_select_handle_right_mtrl.png (OK)
19413696 res/drawable-xhdpi-v4/abc_textfield_activated_mtrl_alpha.9.png (OK)
19413976 res/drawable-xhdpi-v4/abc_textfield_default_mtrl_alpha.9.png (OK)
19414264 res/drawable-xhdpi-v4/abc_textfield_search_activated_mtrl_alpha.9.png (OK)
19414548 res/drawable-xhdpi-v4/abc_textfield_search_default_mtrl_alpha.9.png (OK)
19414800 res/drawable-xhdpi-v4/ic_call_answer.png (OK)
19415500 res/drawable-xhdpi-v4/ic_call_answer_low.png (OK)
19416200 res/drawable-xhdpi-v4/ic_call_answer_video.png (OK)
19416572 res/drawable-xhdpi-v4/ic_call_answer_video_low.png (OK)
19416936 res/drawable-xhdpi-v4/ic_call_decline.png (OK)
19417464 res/drawable-xhdpi-v4/ic_call_decline_low.png (OK)
19418000 res/drawable-xhdpi-v4/notification_bg_low_normal.9.png (OK)
19418308 res/drawable-xhdpi-v4/notification_bg_low_pressed.9.png (OK)
19418640 res/drawable-xhdpi-v4/notification_bg_normal.9.png (OK)
19418952 res/drawable-xhdpi-v4/notification_bg_normal_pressed.9.png (OK)
19419288 res/drawable-xhdpi-v4/notify_panel_notification_icon_bg.png (OK)
19419516 res/drawable-xxhdpi-v4/abc_ab_share_pack_mtrl_alpha.9.png (OK)
19419888 res/drawable-xxhdpi-v4/abc_btn_check_to_on_mtrl_000.png (OK)
19420280 res/drawable-xxhdpi-v4/abc_btn_check_to_on_mtrl_015.png (OK)
19420960 res/drawable-xxhdpi-v4/abc_btn_radio_to_on_mtrl_000.png (OK)
19422032 res/drawable-xxhdpi-v4/abc_btn_radio_to_on_mtrl_015.png (OK)
19423332 res/drawable-xxhdpi-v4/abc_btn_switch_to_on_mtrl_00001.9.png (OK)
19425888 res/drawable-xxhdpi-v4/abc_btn_switch_to_on_mtrl_00012.9.png (OK)
19428816 res/drawable-xxhdpi-v4/abc_cab_background_top_mtrl_alpha.9.png (OK)
19429148 res/drawable-xxhdpi-v4/abc_ic_commit_search_api_mtrl_alpha.png (OK)
19429460 res/drawable-xxhdpi-v4/abc_list_divider_mtrl_alpha.9.png (OK)
19429712 res/drawable-xxhdpi-v4/abc_list_focused_holo.9.png (OK)
19430044 res/drawable-xxhdpi-v4/abc_list_longpressed_holo.9.png (OK)
19430352 res/drawable-xxhdpi-v4/abc_list_pressed_holo_dark.9.png (OK)
19430652 res/drawable-xxhdpi-v4/abc_list_pressed_holo_light.9.png (OK)
19430960 res/drawable-xxhdpi-v4/abc_list_selector_disabled_holo_dark.9.png (OK)
19431316 res/drawable-xxhdpi-v4/abc_list_selector_disabled_holo_light.9.png (OK)
19431668 res/drawable-xxhdpi-v4/abc_menu_hardkey_panel_mtrl_mult.9.png (OK)
19433536 res/drawable-xxhdpi-v4/abc_popup_background_mtrl_mult.9.png (OK)
19435936 res/drawable-xxhdpi-v4/abc_scrubber_control_off_mtrl_alpha.png (OK)
19436356 res/drawable-xxhdpi-v4/abc_scrubber_control_to_pressed_mtrl_000.png (OK)
19436856 res/drawable-xxhdpi-v4/abc_scrubber_control_to_pressed_mtrl_005.png (OK)
19437544 res/drawable-xxhdpi-v4/abc_scrubber_primary_mtrl_alpha.9.png (OK)
19437844 res/drawable-xxhdpi-v4/abc_scrubber_track_mtrl_alpha.9.png (OK)
19438136 res/drawable-xxhdpi-v4/abc_spinner_mtrl_am_alpha.9.png (OK)
19438748 res/drawable-xxhdpi-v4/abc_switch_track_mtrl_alpha.9.png (OK)
19439688 res/drawable-xxhdpi-v4/abc_tab_indicator_mtrl_alpha.9.png (OK)
19439984 res/drawable-xxhdpi-v4/abc_text_select_handle_left_mtrl.png (OK)
19440496 res/drawable-xxhdpi-v4/abc_text_select_handle_middle_mtrl.png (OK)
19441340 res/drawable-xxhdpi-v4/abc_text_select_handle_right_mtrl.png (OK)
19441856 res/drawable-xxhdpi-v4/abc_textfield_activated_mtrl_alpha.9.png (OK)
19442148 res/drawable-xxhdpi-v4/abc_textfield_default_mtrl_alpha.9.png (OK)
19442448 res/drawable-xxhdpi-v4/abc_textfield_search_activated_mtrl_alpha.9.png (OK)
19442736 res/drawable-xxhdpi-v4/abc_textfield_search_default_mtrl_alpha.9.png (OK)
19442996 res/drawable-xxhdpi-v4/ic_call_answer.png (OK)
19443956 res/drawable-xxhdpi-v4/ic_call_answer_low.png (OK)
19444920 res/drawable-xxhdpi-v4/ic_call_answer_video.png (OK)
19445388 res/drawable-xxhdpi-v4/ic_call_answer_video_low.png (OK)
19445844 res/drawable-xxhdpi-v4/ic_call_decline.png (OK)
19446548 res/drawable-xxhdpi-v4/ic_call_decline_low.png (OK)
19447264 res/drawable-xxxhdpi-v4/abc_btn_check_to_on_mtrl_000.png (OK)
19447628 res/drawable-xxxhdpi-v4/abc_btn_check_to_on_mtrl_015.png (OK)
19448192 res/drawable-xxxhdpi-v4/abc_btn_radio_to_on_mtrl_000.png (OK)
19449064 res/drawable-xxxhdpi-v4/abc_btn_radio_to_on_mtrl_015.png (OK)
19450104 res/drawable-xxxhdpi-v4/abc_btn_switch_to_on_mtrl_00001.9.png (OK)
19452700 res/drawable-xxxhdpi-v4/abc_btn_switch_to_on_mtrl_00012.9.png (OK)
19455616 res/drawable-xxxhdpi-v4/abc_scrubber_control_to_pressed_mtrl_000.png (OK)
19456132 res/drawable-xxxhdpi-v4/abc_scrubber_control_to_pressed_mtrl_005.png (OK)
19456848 res/drawable-xxxhdpi-v4/abc_spinner_mtrl_am_alpha.9.png (OK)
19457368 res/drawable-xxxhdpi-v4/abc_switch_track_mtrl_alpha.9.png (OK)
19458272 res/drawable-xxxhdpi-v4/abc_tab_indicator_mtrl_alpha.9.png (OK)
19458564 res/drawable-xxxhdpi-v4/abc_text_select_handle_left_mtrl.png (OK)
19459168 res/drawable-xxxhdpi-v4/abc_text_select_handle_right_mtrl.png (OK)
19459756 res/drawable-xxxhdpi-v4/ic_call_answer.png (OK)
19461004 res/drawable-xxxhdpi-v4/ic_call_answer_low.png (OK)
19462256 res/drawable-xxxhdpi-v4/ic_call_answer_video.png (OK)
19462804 res/drawable-xxxhdpi-v4/ic_call_answer_video_low.png (OK)
19463344 res/drawable-xxxhdpi-v4/ic_call_decline.png (OK)
19464244 res/drawable-xxxhdpi-v4/ic_call_decline_low.png (OK)
19465135 res/drawable/$avd_hide_password__0.xml (OK - compressed)
19465725 res/drawable/$avd_hide_password__1.xml (OK - compressed)
19466105 res/drawable/$avd_hide_password__2.xml (OK - compressed)
19466467 res/drawable/$avd_show_password__0.xml (OK - compressed)
19467037 res/drawable/$avd_show_password__1.xml (OK - compressed)
19467417 res/drawable/$avd_show_password__2.xml (OK - compressed)
19467785 res/drawable/$ic_launcher_foreground__0.xml (OK - compressed)
19468203 res/drawable/$m3_avd_hide_password__0.xml (OK - compressed)
19468796 res/drawable/$m3_avd_hide_password__1.xml (OK - compressed)
19469179 res/drawable/$m3_avd_hide_password__2.xml (OK - compressed)
19469545 res/drawable/$m3_avd_show_password__0.xml (OK - compressed)
19470118 res/drawable/$m3_avd_show_password__1.xml (OK - compressed)
19470499 res/drawable/$m3_avd_show_password__2.xml (OK - compressed)
19470881 res/drawable/$mtrl_checkbox_button_checked_unchecked__0.xml (OK - compressed)
19471286 res/drawable/$mtrl_checkbox_button_checked_unchecked__1.xml (OK - compressed)
19471691 res/drawable/$mtrl_checkbox_button_checked_unchecked__2.xml (OK - compressed)
19472100 res/drawable/$mtrl_checkbox_button_icon_checked_indeterminate__0.xml (OK - compressed)
19472506 res/drawable/$mtrl_checkbox_button_icon_checked_unchecked__0.xml (OK - compressed)
19472916 res/drawable/$mtrl_checkbox_button_icon_checked_unchecked__1.xml (OK - compressed)
19473326 res/drawable/$mtrl_checkbox_button_icon_checked_unchecked__2.xml (OK - compressed)
19473735 res/drawable/$mtrl_checkbox_button_icon_indeterminate_checked__0.xml (OK - compressed)
19474147 res/drawable/$mtrl_checkbox_button_icon_indeterminate_unchecked__0.xml (OK - compressed)
19474563 res/drawable/$mtrl_checkbox_button_icon_indeterminate_unchecked__1.xml (OK - compressed)
19474979 res/drawable/$mtrl_checkbox_button_icon_indeterminate_unchecked__2.xml (OK - compressed)
19475384 res/drawable/$mtrl_checkbox_button_icon_unchecked_checked__0.xml (OK - compressed)
19475795 res/drawable/$mtrl_checkbox_button_icon_unchecked_checked__1.xml (OK - compressed)
19476205 res/drawable/$mtrl_checkbox_button_icon_unchecked_checked__2.xml (OK - compressed)
19476621 res/drawable/$mtrl_checkbox_button_icon_unchecked_indeterminate__0.xml (OK - compressed)
19477038 res/drawable/$mtrl_checkbox_button_icon_unchecked_indeterminate__1.xml (OK - compressed)
19477454 res/drawable/$mtrl_checkbox_button_icon_unchecked_indeterminate__2.xml (OK - compressed)
19477854 res/drawable/$mtrl_checkbox_button_unchecked_checked__0.xml (OK - compressed)
19478260 res/drawable/$mtrl_checkbox_button_unchecked_checked__1.xml (OK - compressed)
19478665 res/drawable/$mtrl_checkbox_button_unchecked_checked__2.xml (OK - compressed)
19479060 res/drawable/$mtrl_switch_thumb_checked_pressed__0.xml (OK - compressed)
19479459 res/drawable/$mtrl_switch_thumb_checked_unchecked__0.xml (OK - compressed)
19479833 res/drawable/$mtrl_switch_thumb_checked_unchecked__1.xml (OK - compressed)
19480233 res/drawable/$mtrl_switch_thumb_pressed_checked__0.xml (OK - compressed)
19480632 res/drawable/$mtrl_switch_thumb_pressed_unchecked__0.xml (OK - compressed)
19481030 res/drawable/$mtrl_switch_thumb_unchecked_checked__0.xml (OK - compressed)
19481405 res/drawable/$mtrl_switch_thumb_unchecked_checked__1.xml (OK - compressed)
19481807 res/drawable/$mtrl_switch_thumb_unchecked_pressed__0.xml (OK - compressed)
19482193 res/drawable/abc_btn_borderless_material.xml (OK - compressed)
19482514 res/drawable/abc_btn_check_material.xml (OK - compressed)
19482818 res/drawable/abc_btn_check_material_anim.xml (OK - compressed)
19483233 res/drawable/abc_btn_default_mtrl_shape.xml (OK - compressed)
19483696 res/drawable/abc_btn_radio_material.xml (OK - compressed)
19484001 res/drawable/abc_btn_radio_material_anim.xml (OK - compressed)
19484416 res/drawable/abc_cab_background_internal_bg.xml (OK - compressed)
19484679 res/drawable/abc_cab_background_top_material.xml (OK - compressed)
19484923 res/drawable/abc_ic_ab_back_material.xml (OK - compressed)
19485385 res/drawable/abc_ic_arrow_drop_right_black_24dp.xml (OK - compressed)
19485945 res/drawable/abc_ic_clear_material.xml (OK - compressed)
19486382 res/drawable/abc_ic_go_search_api_material.xml (OK - compressed)
19486800 res/drawable/abc_ic_menu_copy_mtrl_am_alpha.xml (OK - compressed)
19487278 res/drawable/abc_ic_menu_cut_mtrl_alpha.xml (OK - compressed)
19487908 res/drawable/abc_ic_menu_overflow_material.xml (OK - compressed)
19488377 res/drawable/abc_ic_menu_paste_mtrl_am_alpha.xml (OK - compressed)
19488891 res/drawable/abc_ic_menu_selectall_mtrl_alpha.xml (OK - compressed)
19489437 res/drawable/abc_ic_menu_share_mtrl_alpha.xml (OK - compressed)
19490024 res/drawable/abc_ic_search_api_material.xml (OK - compressed)
19490555 res/drawable/abc_ic_voice_search_api_material.xml (OK - compressed)
19491088 res/drawable/abc_item_background_holo_dark.xml (OK - compressed)
19491485 res/drawable/abc_item_background_holo_light.xml (OK - compressed)
19491901 res/drawable/abc_list_selector_background_transition_holo_dark.xml (OK - compressed)
19492198 res/drawable/abc_list_selector_background_transition_holo_light.xml (OK - compressed)
19492472 res/drawable/abc_list_selector_holo_dark.xml (OK - compressed)
19492886 res/drawable/abc_list_selector_holo_light.xml (OK - compressed)
19493304 res/drawable/abc_ratingbar_indicator_material.xml (OK - compressed)
19493441 res/drawable/abc_ratingbar_material.xml (OK - compressed)
19493584 res/drawable/abc_ratingbar_small_material.xml (OK - compressed)
19493725 res/drawable/abc_seekbar_thumb_material.xml (OK - compressed)
19494154 res/drawable/abc_seekbar_tick_mark_material.xml (OK - compressed)
19494472 res/drawable/abc_seekbar_track_material.xml (OK - compressed)
19494983 res/drawable/abc_spinner_textfield_background_material.xml (OK - compressed)
19495455 res/drawable/abc_star_black_48dp.xml (OK - compressed)
19495887 res/drawable/abc_star_half_black_48dp.xml (OK - compressed)
19496290 res/drawable/abc_switch_thumb_material.xml (OK - compressed)
19496593 res/drawable/abc_tab_indicator_material.xml (OK - compressed)
19496896 res/drawable/abc_text_cursor_material.xml (OK - compressed)
19497213 res/drawable/abc_textfield_search_material.xml (OK - compressed)
19497565 res/drawable/abc_vector_test.xml (OK - compressed)
19497962 res/drawable/avd_hide_password.xml (OK - compressed)
19498325 res/drawable/avd_show_password.xml (OK - compressed)
19498698 res/drawable/btn_checkbox_checked_mtrl.xml (OK - compressed)
19499634 res/drawable/btn_checkbox_checked_to_unchecked_mtrl_animation.xml (OK - compressed)
19500013 res/drawable/btn_checkbox_unchecked_mtrl.xml (OK - compressed)
19500939 res/drawable/btn_checkbox_unchecked_to_checked_mtrl_animation.xml (OK - compressed)
19501305 res/drawable/btn_radio_off_mtrl.xml (OK - compressed)
19502089 res/drawable/btn_radio_off_to_on_mtrl_animation.xml (OK - compressed)
19502454 res/drawable/btn_radio_on_mtrl.xml (OK - compressed)
19503213 res/drawable/btn_radio_on_to_off_mtrl_animation.xml (OK - compressed)
19503581 res/drawable/design_fab_background.xml (OK - compressed)
19503832 res/drawable/design_ic_visibility.xml (OK - compressed)
19504183 res/drawable/design_ic_visibility_off.xml (OK - compressed)
19504873 res/drawable/design_password_eye.xml (OK - compressed)
19505291 res/drawable/design_snackbar_background.xml (OK - compressed)
19505583 res/drawable/ic_arrow_back_black_24.xml (OK - compressed)
19505982 res/drawable/ic_clear_black_24.xml (OK - compressed)
19506414 res/drawable/ic_clock_black_24dp.xml (OK - compressed)
19506903 res/drawable/ic_keyboard_black_24dp.xml (OK - compressed)
19507409 res/drawable/ic_launcher_background.xml (OK - compressed)
19508465 res/drawable/ic_launcher_foreground.xml (OK - compressed)
19509232 res/drawable/ic_m3_chip_check.xml (OK - compressed)
19509666 res/drawable/ic_m3_chip_checked_circle.xml (OK - compressed)
19510140 res/drawable/ic_m3_chip_close.xml (OK - compressed)
19510552 res/drawable/ic_mtrl_checked_circle.xml (OK - compressed)
19510992 res/drawable/ic_mtrl_chip_checked_black.xml (OK - compressed)
19511386 res/drawable/ic_mtrl_chip_checked_circle.xml (OK - compressed)
19511906 res/drawable/ic_mtrl_chip_close_circle.xml (OK - compressed)
19512376 res/drawable/ic_search_black_24.xml (OK - compressed)
19512887 res/drawable/m3_avd_hide_password.xml (OK - compressed)
19513254 res/drawable/m3_avd_show_password.xml (OK - compressed)
19513629 res/drawable/m3_bottom_sheet_drag_handle.xml (OK - compressed)
19513974 res/drawable/m3_password_eye.xml (OK - compressed)
19514389 res/drawable/m3_tabs_line_indicator.xml (OK - compressed)
19514694 res/drawable/m3_tabs_rounded_line_indicator.xml (OK - compressed)
19515175 res/drawable/material_ic_calendar_black_24dp.xml (OK - compressed)
19515631 res/drawable/material_ic_clear_black_24dp.xml (OK - compressed)
19516081 res/drawable/material_ic_edit_black_24dp.xml (OK - compressed)
19516555 res/drawable/material_ic_keyboard_arrow_left_black_24dp.xml (OK - compressed)
19517019 res/drawable/material_ic_keyboard_arrow_right_black_24dp.xml (OK - compressed)
19517468 res/drawable/material_ic_menu_arrow_down_black_24dp.xml (OK - compressed)
19517885 res/drawable/material_ic_menu_arrow_up_black_24dp.xml (OK - compressed)
19518294 res/drawable/mtrl_bottomsheet_drag_handle.xml (OK - compressed)
19518640 res/drawable/mtrl_checkbox_button.xml (OK - compressed)
19519157 res/drawable/mtrl_checkbox_button_checked_unchecked.xml (OK - compressed)
19519511 res/drawable/mtrl_checkbox_button_icon.xml (OK - compressed)
19520070 res/drawable/mtrl_checkbox_button_icon_checked_indeterminate.xml (OK - compressed)
19520415 res/drawable/mtrl_checkbox_button_icon_checked_unchecked.xml (OK - compressed)
19520791 res/drawable/mtrl_checkbox_button_icon_indeterminate_checked.xml (OK - compressed)
19521140 res/drawable/mtrl_checkbox_button_icon_indeterminate_unchecked.xml (OK - compressed)
19521512 res/drawable/mtrl_checkbox_button_icon_unchecked_checked.xml (OK - compressed)
19521890 res/drawable/mtrl_checkbox_button_icon_unchecked_indeterminate.xml (OK - compressed)
19522257 res/drawable/mtrl_checkbox_button_unchecked_checked.xml (OK - compressed)
19522606 res/drawable/mtrl_dialog_background.xml (OK - compressed)
19523000 res/drawable/mtrl_dropdown_arrow.xml (OK - compressed)
19523302 res/drawable/mtrl_ic_arrow_drop_down.xml (OK - compressed)
19523670 res/drawable/mtrl_ic_arrow_drop_up.xml (OK - compressed)
19524030 res/drawable/mtrl_ic_cancel.xml (OK - compressed)
19524474 res/drawable/mtrl_ic_check_mark.xml (OK - compressed)
19524889 res/drawable/mtrl_ic_checkbox_checked.xml (OK - compressed)
19525338 res/drawable/mtrl_ic_checkbox_unchecked.xml (OK - compressed)
19525699 res/drawable/mtrl_ic_error.xml (OK - compressed)
19526118 res/drawable/mtrl_ic_indeterminate.xml (OK - compressed)
19526533 res/drawable/mtrl_popupmenu_background.xml (OK - compressed)
19526921 res/drawable/mtrl_switch_thumb.xml (OK - compressed)
19527553 res/drawable/mtrl_switch_thumb_checked.xml (OK - compressed)
19527976 res/drawable/mtrl_switch_thumb_checked_pressed.xml (OK - compressed)
19528314 res/drawable/mtrl_switch_thumb_checked_unchecked.xml (OK - compressed)
19528721 res/drawable/mtrl_switch_thumb_pressed.xml (OK - compressed)
19529145 res/drawable/mtrl_switch_thumb_pressed_checked.xml (OK - compressed)
19529482 res/drawable/mtrl_switch_thumb_pressed_unchecked.xml (OK - compressed)
19529810 res/drawable/mtrl_switch_thumb_unchecked.xml (OK - compressed)
19530235 res/drawable/mtrl_switch_thumb_unchecked_checked.xml (OK - compressed)
19530652 res/drawable/mtrl_switch_thumb_unchecked_pressed.xml (OK - compressed)
19530971 res/drawable/mtrl_switch_track.xml (OK - compressed)
19531355 res/drawable/mtrl_switch_track_decoration.xml (OK - compressed)
19531749 res/drawable/mtrl_tabs_default_indicator.xml (OK - compressed)
19532082 res/drawable/navigation_empty_icon.xml (OK - compressed)
19532388 res/drawable/notification_bg.xml (OK - compressed)
19532708 res/drawable/notification_bg_low.xml (OK - compressed)
19533037 res/drawable/notification_icon_background.xml (OK - compressed)
19533290 res/drawable/notification_tile_bg.xml (OK - compressed)
19533530 res/drawable/test_level_drawable.xml (OK - compressed)
19533814 res/drawable/tooltip_frame_dark.xml (OK - compressed)
19534105 res/drawable/tooltip_frame_light.xml (OK - compressed)
19534416 res/interpolator-v21/m3_sys_motion_easing_emphasized.xml (OK - compressed)
19534680 res/interpolator-v21/m3_sys_motion_easing_emphasized_accelerate.xml (OK - compressed)
19534987 res/interpolator-v21/m3_sys_motion_easing_emphasized_decelerate.xml (OK - compressed)
19535279 res/interpolator-v21/m3_sys_motion_easing_linear.xml (OK - compressed)
19535569 res/interpolator-v21/m3_sys_motion_easing_standard.xml (OK - compressed)
19535872 res/interpolator-v21/m3_sys_motion_easing_standard_accelerate.xml (OK - compressed)
19536174 res/interpolator-v21/m3_sys_motion_easing_standard_decelerate.xml (OK - compressed)
19536460 res/interpolator-v21/mtrl_fast_out_linear_in.xml (OK - compressed)
19536747 res/interpolator-v21/mtrl_fast_out_slow_in.xml (OK - compressed)
19537039 res/interpolator-v21/mtrl_linear_out_slow_in.xml (OK - compressed)
19537351 res/interpolator/btn_checkbox_checked_mtrl_animation_interpolator_0.xml (OK - compressed)
19537639 res/interpolator/btn_checkbox_checked_mtrl_animation_interpolator_1.xml (OK - compressed)
19537932 res/interpolator/btn_checkbox_unchecked_mtrl_animation_interpolator_0.xml (OK - compressed)
19538222 res/interpolator/btn_checkbox_unchecked_mtrl_animation_interpolator_1.xml (OK - compressed)
19538509 res/interpolator/btn_radio_to_off_mtrl_animation_interpolator_0.xml (OK - compressed)
19538795 res/interpolator/btn_radio_to_on_mtrl_animation_interpolator_0.xml (OK - compressed)
19539052 res/interpolator/fast_out_slow_in.xml (OK - compressed)
19539328 res/interpolator/mtrl_linear.xml (OK - compressed)
19539486 res/layout-land/material_clock_period_toggle_land.xml (OK - compressed)
19540078 res/layout-land/material_timepicker.xml (OK - compressed)
19540826 res/layout-land/mtrl_picker_header_dialog.xml (OK - compressed)
19541513 res/layout-sw600dp-v13/design_layout_snackbar.xml (OK - compressed)
19541885 res/layout-sw600dp-v13/mtrl_layout_snackbar.xml (OK - compressed)
19542233 res/layout-v21/notification_action.xml (OK - compressed)
19542797 res/layout-v21/notification_action_tombstone.xml (OK - compressed)
19543416 res/layout-v21/notification_template_custom_big.xml (OK - compressed)
19544283 res/layout-v21/notification_template_icon_group.xml (OK - compressed)
19544770 res/layout-v26/abc_screen_toolbar.xml (OK - compressed)
19545487 res/layout-v26/mtrl_calendar_month.xml (OK - compressed)
19545996 res/layout-watch-v20/abc_alert_dialog_button_bar_material.xml (OK - compressed)
19546551 res/layout-watch-v20/abc_alert_dialog_title_material.xml (OK - compressed)
19547171 res/layout/abc_action_bar_title_item.xml (OK - compressed)
19547632 res/layout/abc_action_bar_up_container.xml (OK - compressed)
19547954 res/layout/abc_action_menu_item_layout.xml (OK - compressed)
19548415 res/layout/abc_action_menu_layout.xml (OK - compressed)
19548773 res/layout/abc_action_mode_bar.xml (OK - compressed)
19549121 res/layout/abc_action_mode_close_item_material.xml (OK - compressed)
19549621 res/layout/abc_activity_chooser_view.xml (OK - compressed)
19550297 res/layout/abc_activity_chooser_view_list_item.xml (OK - compressed)
19550947 res/layout/abc_alert_dialog_button_bar_material.xml (OK - compressed)
19551628 res/layout/abc_alert_dialog_material.xml (OK - compressed)
19552538 res/layout/abc_alert_dialog_title_material.xml (OK - compressed)
19553259 res/layout/abc_cascading_menu_item_layout.xml (OK - compressed)
19554039 res/layout/abc_dialog_title_material.xml (OK - compressed)
19554631 res/layout/abc_expanded_menu_layout.xml (OK - compressed)
19554935 res/layout/abc_list_menu_item_checkbox.xml (OK - compressed)
19555285 res/layout/abc_list_menu_item_icon.xml (OK - compressed)
19555737 res/layout/abc_list_menu_item_layout.xml (OK - compressed)
19556402 res/layout/abc_list_menu_item_radio.xml (OK - compressed)
19556768 res/layout/abc_popup_menu_header_item_layout.xml (OK - compressed)
19557272 res/layout/abc_popup_menu_item_layout.xml (OK - compressed)
19558149 res/layout/abc_screen_content_include.xml (OK - compressed)
19558507 res/layout/abc_screen_simple.xml (OK - compressed)
19558984 res/layout/abc_screen_simple_overlay_action_mode.xml (OK - compressed)
19559423 res/layout/abc_screen_toolbar.xml (OK - compressed)
19560125 res/layout/abc_search_dropdown_item_icons_2line.xml (OK - compressed)
19560852 res/layout/abc_search_view.xml (OK - compressed)
19562024 res/layout/abc_select_dialog_material.xml (OK - compressed)
19562616 res/layout/abc_tooltip.xml (OK - compressed)
19563174 res/layout/custom_dialog.xml (OK - compressed)
19563558 res/layout/design_bottom_navigation_item.xml (OK - compressed)
19564299 res/layout/design_bottom_sheet_dialog.xml (OK - compressed)
19564883 res/layout/design_layout_snackbar.xml (OK - compressed)
19565254 res/layout/design_layout_snackbar_include.xml (OK - compressed)
19565984 res/layout/design_layout_tab_icon.xml (OK - compressed)
19566291 res/layout/design_layout_tab_text.xml (OK - compressed)
19566611 res/layout/design_menu_item_action_area.xml (OK - compressed)
19566866 res/layout/design_navigation_item.xml (OK - compressed)
19567294 res/layout/design_navigation_item_header.xml (OK - compressed)
19567624 res/layout/design_navigation_item_separator.xml (OK - compressed)
19567946 res/layout/design_navigation_item_subheader.xml (OK - compressed)
19568333 res/layout/design_navigation_menu.xml (OK - compressed)
19568709 res/layout/design_navigation_menu_item.xml (OK - compressed)
19569212 res/layout/design_text_input_end_icon.xml (OK - compressed)
19569652 res/layout/design_text_input_start_icon.xml (OK - compressed)
19570074 res/layout/m3_alert_dialog.xml (OK - compressed)
19571006 res/layout/m3_alert_dialog_actions.xml (OK - compressed)
19571693 res/layout/m3_alert_dialog_title.xml (OK - compressed)
19572178 res/layout/m3_auto_complete_simple_item.xml (OK - compressed)
19572567 res/layout/m3_side_sheet_dialog.xml (OK - compressed)
19573139 res/layout/material_chip_input_combo.xml (OK - compressed)
19573431 res/layout/material_clock_display.xml (OK - compressed)
19573863 res/layout/material_clock_display_divider.xml (OK - compressed)
19574199 res/layout/material_clock_period_toggle.xml (OK - compressed)
19574813 res/layout/material_clockface_textview.xml (OK - compressed)
19575155 res/layout/material_clockface_view.xml (OK - compressed)
19575696 res/layout/material_radial_view_group.xml (OK - compressed)
19576119 res/layout/material_textinput_timepicker.xml (OK - compressed)
19576537 res/layout/material_time_chip.xml (OK - compressed)
19576830 res/layout/material_time_input.xml (OK - compressed)
19577316 res/layout/material_timepicker.xml (OK - compressed)
19578053 res/layout/material_timepicker_dialog.xml (OK - compressed)
19579181 res/layout/material_timepicker_textinput_display.xml (OK - compressed)
19579570 res/layout/mtrl_alert_dialog.xml (OK - compressed)
19580416 res/layout/mtrl_alert_dialog_actions.xml (OK - compressed)
19581170 res/layout/mtrl_alert_dialog_title.xml (OK - compressed)
19581656 res/layout/mtrl_alert_select_dialog_item.xml (OK - compressed)
19582057 res/layout/mtrl_alert_select_dialog_multichoice.xml (OK - compressed)
19582608 res/layout/mtrl_alert_select_dialog_singlechoice.xml (OK - compressed)
19583152 res/layout/mtrl_auto_complete_simple_item.xml (OK - compressed)
19583536 res/layout/mtrl_calendar_day.xml (OK - compressed)
19583812 res/layout/mtrl_calendar_day_of_week.xml (OK - compressed)
19584090 res/layout/mtrl_calendar_days_of_week.xml (OK - compressed)
19584416 res/layout/mtrl_calendar_horizontal.xml (OK - compressed)
19584925 res/layout/mtrl_calendar_month.xml (OK - compressed)
19585383 res/layout/mtrl_calendar_month_labeled.xml (OK - compressed)
19585825 res/layout/mtrl_calendar_month_navigation.xml (OK - compressed)
19586545 res/layout/mtrl_calendar_months.xml (OK - compressed)
19586855 res/layout/mtrl_calendar_vertical.xml (OK - compressed)
19587256 res/layout/mtrl_calendar_year.xml (OK - compressed)
19587530 res/layout/mtrl_layout_snackbar.xml (OK - compressed)
19587884 res/layout/mtrl_layout_snackbar_include.xml (OK - compressed)
19588402 res/layout/mtrl_navigation_rail_item.xml (OK - compressed)
19589139 res/layout/mtrl_picker_actions.xml (OK - compressed)
19589629 res/layout/mtrl_picker_dialog.xml (OK - compressed)
19590179 res/layout/mtrl_picker_fullscreen.xml (OK - compressed)
19590661 res/layout/mtrl_picker_header_dialog.xml (OK - compressed)
19591337 res/layout/mtrl_picker_header_fullscreen.xml (OK - compressed)
19592417 res/layout/mtrl_picker_header_selection_text.xml (OK - compressed)
19592867 res/layout/mtrl_picker_header_title_text.xml (OK - compressed)
19593260 res/layout/mtrl_picker_header_toggle.xml (OK - compressed)
19593630 res/layout/mtrl_picker_text_input_date.xml (OK - compressed)
19594144 res/layout/mtrl_picker_text_input_date_range.xml (OK - compressed)
19594763 res/layout/mtrl_search_bar.xml (OK - compressed)
19595104 res/layout/mtrl_search_view.xml (OK - compressed)
19596311 res/layout/notification_template_part_chronometer.xml (OK - compressed)
19596646 res/layout/notification_template_part_time.xml (OK - compressed)
19596980 res/layout/select_dialog_item_material.xml (OK - compressed)
19597410 res/layout/select_dialog_multichoice_material.xml (OK - compressed)
19597936 res/layout/select_dialog_singlechoice_material.xml (OK - compressed)
19598463 res/layout/support_simple_spinner_dropdown_item.xml (OK - compressed)
19598800 res/mipmap-anydpi-v26/ic_launcher.xml (OK - compressed)
19599114 res/mipmap-anydpi-v26/ic_launcher_round.xml (OK - compressed)
19599420 res/mipmap-hdpi-v4/ic_launcher.webp (OK)
19600896 res/mipmap-hdpi-v4/ic_launcher_round.webp (OK)
19603860 res/mipmap-mdpi-v4/ic_launcher.webp (OK)
19604916 res/mipmap-mdpi-v4/ic_launcher_round.webp (OK)
19606756 res/mipmap-xhdpi-v4/ic_launcher.webp (OK)
19608728 res/mipmap-xhdpi-v4/ic_launcher_round.webp (OK)
19612716 res/mipmap-xxhdpi-v4/ic_launcher.webp (OK)
19615676 res/mipmap-xxhdpi-v4/ic_launcher_round.webp (OK)
19621660 res/mipmap-xxxhdpi-v4/ic_launcher.webp (OK)
19625580 res/mipmap-xxxhdpi-v4/ic_launcher_round.webp (OK)
19633412 res/xml/backup_rules.xml (OK - compressed)
19633551 res/xml/data_extraction_rules.xml (OK - compressed)
19633708 resources.arsc (OK)
20638243 DebugProbesKt.bin (OK - compressed)
20639100 META-INF/androidx.activity_activity.version (OK)
20639196 META-INF/androidx.annotation_annotation-experimental.version (OK)
20639288 META-INF/androidx.appcompat_appcompat-resources.version (OK)
20639372 META-INF/androidx.appcompat_appcompat.version (OK)
20639456 META-INF/androidx.arch.core_core-runtime.version (OK - compressed)
20639592 META-INF/androidx.cardview_cardview.version (OK)
20639692 META-INF/androidx.coordinatorlayout_coordinatorlayout.version (OK)
20639768 META-INF/androidx.core_core-ktx.version (OK)
20639840 META-INF/androidx.core_core.version (OK)
20639932 META-INF/androidx.cursoradapter_cursoradapter.version (OK)
20640016 META-INF/androidx.customview_customview.version (OK)
20640104 META-INF/androidx.documentfile_documentfile.version (OK)
20640192 META-INF/androidx.drawerlayout_drawerlayout.version (OK)
20640288 META-INF/androidx.dynamicanimation_dynamicanimation.version (OK)
20640376 META-INF/androidx.emoji2_emoji2-views-helper.version (OK)
20640452 META-INF/androidx.emoji2_emoji2.version (OK)
20640532 META-INF/androidx.fragment_fragment.version (OK)
20640620 META-INF/androidx.interpolator_interpolator.version (OK)
20640716 META-INF/androidx.legacy_legacy-support-core-utils.version (OK)
20640811 META-INF/androidx.lifecycle_lifecycle-livedata-core.version (OK - compressed)
20640962 META-INF/androidx.lifecycle_lifecycle-livedata.version (OK - compressed)
20641107 META-INF/androidx.lifecycle_lifecycle-process.version (OK - compressed)
20641250 META-INF/androidx.lifecycle_lifecycle-runtime.version (OK - compressed)
20641407 META-INF/androidx.lifecycle_lifecycle-viewmodel-savedstate.version (OK - compressed)
20641566 META-INF/androidx.lifecycle_lifecycle-viewmodel.version (OK - compressed)
20641700 META-INF/androidx.loader_loader.version (OK)
20641808 META-INF/androidx.localbroadcastmanager_localbroadcastmanager.version (OK)
20641884 META-INF/androidx.print_print.version (OK)
20641980 META-INF/androidx.profileinstaller_profileinstaller.version (OK)
20642068 META-INF/androidx.recyclerview_recyclerview.version (OK)
20642152 META-INF/androidx.savedstate_savedstate.version (OK)
20642240 META-INF/androidx.startup_startup-runtime.version (OK)
20642320 META-INF/androidx.tracing_tracing.version (OK)
20642404 META-INF/androidx.transition_transition.version (OK)
20642504 META-INF/androidx.vectordrawable_vectordrawable-animated.version (OK)
20642596 META-INF/androidx.vectordrawable_vectordrawable.version (OK)
20642700 META-INF/androidx.versionedparcelable_versionedparcelable.version (OK)
20642784 META-INF/androidx.viewpager2_viewpager2.version (OK)
20642868 META-INF/androidx.viewpager_viewpager.version (OK)
20642960 META-INF/com.google.android.material_material.version (OK)
20643040 META-INF/kotlinx_coroutines_android.version (OK)
20643116 META-INF/kotlinx_coroutines_core.version (OK)
20643213 META-INF/services/kotlinx.coroutines.CoroutineExceptionHandler (OK - compressed)
20643360 META-INF/services/kotlinx.coroutines.internal.MainDispatcherFactory (OK - compressed)
20643483 kotlin/annotation/annotation.kotlin_builtins (OK - compressed)
20644092 kotlin/collections/collections.kotlin_builtins (OK - compressed)
20646005 kotlin/concurrent/atomics/atomics.kotlin_builtins (OK - compressed)
20647161 kotlin/coroutines/coroutines.kotlin_builtins (OK - compressed)
20647347 kotlin/internal/internal.kotlin_builtins (OK - compressed)
20647763 kotlin/kotlin.kotlin_builtins (OK - compressed)
20653171 kotlin/ranges/ranges.kotlin_builtins (OK - compressed)
20654593 kotlin/reflect/reflect.kotlin_builtins (OK - compressed)
 4090770 assets/actor-provenance.json (OK - compressed)
 4098946 assets/actor-state-provenance.json (OK - compressed)
 6470796 assets/actors/ghost_spawn.bdae (OK - compressed)
 6478458 assets/worlds/crypt01.dact (OK - compressed)
 4101617 assets/scripts/007_crypt_01_pyscriptnames.bin (OK - compressed)
 4101948 assets/scripts/007_crypt_01_pyscripts.bin (OK - compressed)
 4102697 assets/scripts/crypt-ghost01.dctr (OK - compressed)
 4102811 assets/scripts/crypt-script-provenance.json (OK - compressed)
 4103878 assets/scripts/scripts_pyscriptnames.bin (OK - compressed)
 5375250 assets/scripts/scripts_pyscripts.bin (OK - compressed)
 5390071 assets/scripts/ai/_commons.luac (OK - compressed)
 5391747 assets/scripts/ai/monster-ai-provenance.json (OK - compressed)
 5392281 assets/scripts/ai/monster.luac (OK - compressed)
 4604012 assets/data/levels_pyarray.bin (OK - compressed)
 4605966 assets/data/levels_pyarraynames.bin (OK - compressed)
 4104093 assets/data/levels_pystructnames.bin (OK - compressed)
 4621166 assets/data/DebugSwitches.savegame (OK - compressed)
 4621578 assets/data/design_pycst.bin (OK - compressed)
 4606715 assets/data/faeries_pyarray.bin (OK - compressed)
 4607005 assets/data/faeries_pyarraynames.bin (OK - compressed)
 4607200 assets/data/faeries_pycst.bin (OK - compressed)
 4607385 assets/data/faeries_pystructnames.bin (OK - compressed)
 4607525 assets/data/skills_pyarray.bin (OK - compressed)
 4612028 assets/data/skills_pyarraynames.bin (OK - compressed)
 4613415 assets/data/skills_pystructnames.bin (OK - compressed)
 4653056 lib/arm64-v8a/libdh2_engine_camera.so (OK)
 4472832 lib/arm64-v8a/libdh2_engine_skinning.so (OK)
 4947968 lib/arm64-v8a/libdh2_engine_textures.so (OK)
 4613635 assets/data/effects_pyarraynames.bin (OK - compressed)
 4602934 assets/data/projectiles_pyarraynames.bin (OK - compressed)
 4623387 assets/scripts/skills/_commons.luac (OK - compressed)
 4626323 assets/scripts/skills/faerie_celest.luac (OK - compressed)
 4618716 assets/scripts/skills/faerie_hotty.luac (OK - compressed)
 4628901 assets/scripts/skills/faerie_rocky.luac (OK - compressed)
 4630256 assets/scripts/skills/faerie_wetty.luac (OK - compressed)
 4631635 assets/scripts/skills/faerie_windy.luac (OK - compressed)
 4632984 assets/scripts/skills/prince_mage_chain_lightning.luac (OK - compressed)
 4635445 assets/scripts/skills/prince_mage_coldray.luac (OK - compressed)
 5294494 assets/scripts/skills/prince_mage_cyclone.luac (OK - compressed)
 4603393 assets/scripts/skills/prince_mage_elemental_mastery.luac (OK - compressed)
 4620126 assets/scripts/skills/prince_mage_faeryblood.luac (OK - compressed)
 4636595 assets/scripts/skills/prince_mage_magi_shielding.luac (OK - compressed)
 4637137 assets/scripts/skills/prince_mage_staffmaster.luac (OK - compressed)
 5296993 assets/scripts/skills/prince_mage_stone_escape.luac (OK - compressed)
 5299420 assets/scripts/skills/prince_rogue_acrobat.luac (OK - compressed)
 5299984 assets/scripts/skills/prince_rogue_ambidextrous.luac (OK - compressed)
 5300895 assets/scripts/skills/prince_rogue_combomaster.luac (OK - compressed)
 5301465 assets/scripts/skills/prince_rogue_findweakness.luac (OK - compressed)
 5302081 assets/scripts/skills/prince_rogue_jump_kick.luac (OK - compressed)
 5303163 assets/scripts/skills/prince_rogue_quickness.luac (OK - compressed)
 5304454 assets/scripts/skills/prince_rogue_roundhouse.luac (OK - compressed)
 5305609 assets/scripts/skills/prince_rogue_vicious_strike.luac (OK - compressed)
 5306750 assets/scripts/skills/prince_warrior_bashdown.luac (OK - compressed)
 5307849 assets/scripts/skills/prince_warrior_charge.luac (OK - compressed)
 5309356 assets/scripts/skills/prince_warrior_combat_master.luac (OK - compressed)
 5309940 assets/scripts/skills/prince_warrior_fast_metabolism.luac (OK - compressed)
 5310492 assets/scripts/skills/prince_warrior_ground_slam.luac (OK - compressed)
 5311749 assets/scripts/skills/prince_warrior_hardiness.luac (OK - compressed)
 5312345 assets/scripts/skills/prince_warrior_leadership.luac (OK - compressed)
 5313297 assets/scripts/skills/prince_warrior_potion_addict.luac (OK - compressed)
 4616477 assets/data/ai_pycst.bin (OK - compressed)
 6488064 lib/arm64-v8a/libdh2_game_data.so (OK)
 4980736 lib/arm64-v8a/libdh2_inventory_text_v1.so (OK)
 5406720 lib/arm64-v8a/libdh2_scene_materials.so (OK)
20660224 lib/arm64-v8a/libdh2_script_runtime.so (OK)
 5914624 lib/x86_64/libdh2_engine_animation.so (OK)
21266432 lib/x86_64/libdh2_engine_camera.so (OK)
 5128192 lib/x86_64/libdh2_engine_skinning.so (OK)
 5242880 lib/x86_64/libdh2_engine_textures.so (OK)
21544960 lib/x86_64/libdh2_game_data.so (OK)
 6225920 lib/x86_64/libdh2_inventory_text_v1.so (OK)
26935296 lib/x86_64/libdh2_scene_materials.so (OK)
27426816 lib/x86_64/libdh2_script_runtime.so (OK)
 4601220 assets/data/animations_pycst.bin (OK - compressed)
 5258290 assets/player-skills-provenance.json (OK - compressed)
 7782400 lib/arm64-v8a/libdh2_level_world.so (OK)
22773760 lib/x86_64/libdh2_level_world.so (OK)
 5260652 classes3.dex (OK - compressed)
10240000 lib/arm64-v8a/libdh2_native.so (OK)
28000256 lib/x86_64/libdh2_native.so (OK)
Verification successful
