Surface resized to 2424 x 880
Surface resized to 2424 x 1080
Original front screen loaded | screen main | uri data/menus/dqmenus_droid.swf | clip _root.menu_MainMenu | id 510 | frames 31
Native menu preview selection | slot 0 | force 0 | avatar producer pending
Original front/HUD screen submitted | screen main
Owned menu renderer selected | name menu_EnterName | renderer main
Owned menu navigation | push menu_EnterName | depth 2
Original class selection updated | index 0 | class KnightPlayerBase | preview actors pending
Owned menu renderer selected | name menu_SelectClass | renderer main
Owned menu navigation | push menu_SelectClass | depth 3
Original class scene connected | clips 7 | tracks 27 | body previews 3 | weapons and lighting pending
Original class scene animation | lol_1_idle | 6000 6033
Native menu profile created | slot 0 | class 263 | level 1 | metadata sections 7 | online reads 3 | name private
Native offline registration | entries 1 | added 1 | controllers 4 | renumber 1 | counter 39 | before authored slot assignment; Character association pending
Native menu slot assigned | slot 0 | ordinal 0 | manager stores 1 | player stores 1 | Character association pending
Owned menu renderer selected | name menu_EnterName | renderer main
Owned menu navigation | pop menu_SelectClass | current menu_EnterName | depth 2
Owned menu renderer selected | name menu_MainMenu | renderer main
Owned menu navigation | pop menu_EnterName | current menu_MainMenu | depth 1
Owned menu navigation | pop above menu_MainMenu | current menu_MainMenu | depth 1
Owned menu renderer selected | name menu_StartGame | renderer main
Owned menu navigation | push menu_StartGame | depth 2
Native offline registration | entries 1 | added 0 | controllers 4 | renumber 0 | counter 39 | before authored slot assignment; Character association pending
Native menu slot assigned | slot 0 | ordinal 0 | manager stores 1 | player stores 1 | Character association pending
Development Crypt start requested | slot 0 | numeric 1 | requested difficulty 0 | full source level transition pending
Authored NativeStartGame request queued | selected slot 0 | numeric difficulty 1 | requested difficulty 0 | development Crypt continuation | delivery unwinds before world load
Native WorldMap catalogue | locations 13 | lockers 3 | distinct from FastTravelList; gameplay Save state loader pending
Native Quest catalogue | definitions 64 | immutable table and constants generation
Native managed metadata | players 1 | slot 0 | published680 1 | name setters 1 | class setters 1 | level setters 1 | Save 133951533665312 | Character660 0 | bounded normal offline Manage path; spawn/InitPost pending
Native gameplay class | slot 0 | class 263 | preset KnightPlayerBase | player queries 1 | mask1 calls 1 | publications 1 | own Save 133951533652088 | profile 133951801675224
Native gameplay property cache | class 263 | animation table 48 | max HP 42265 | max MP 6976
Native Player Save mask2 | Character 4294967297 | Save 133951533652088 | loader 133952874719376 | Quest118 4294967297 | QuestB8 4294967297 | calls 1 | retained 0 | standalone SG_Load(2); InitPost interstitial/mask4/GEAR pending
Native Quest startup | Save 133951533652088 | Character 4294967297 | log b8 192 | log118 192 | constants 1608 | retained 0 | Compile and quest gameplay pending
Native Player AIS initialized | AI 0x300000001 | AIS 0x79d365864368 | active 0x79d365864368 | pending 0x79d365864368 | phase 7 | VM 0x79d395899e40 | init mask 1f | HP 42264 / 42265 | MP 6975 / 6976 | timer33 0 | timer34 1 | one source InitProcess; Character profile/grants/frame/activation pending
Native full PlayerInfo | fields 33 | factory 1 | level 1 | class 263 | Character660 0 | slot664 0 | counter 45 | canonical registered; Character association pending
Menu game start | slot 0 | Crypt | 8 rooms | 13 monsters | 84 scenery objects
Connected player HUD submitted | viewport 2424 1080 | character 0x100000001 | HP 42264 42265 | MP 6975 6976 | XP 0 25600 | frames 98 98 0 98 98 | dirty 11 | retained movie 0x79d41585d500 | original timeline and viewport
Connected player HUD submitted | viewport 2424 1080 | character 0x100000001 | HP 42265 42265 | MP 6976 6976 | XP 0 25600 | frames 99 99 0 99 99 | dirty 11 | retained movie 0x79d41585d500 | original timeline and viewport
Player position -2227.7700 1220.9301 842.3644 | moved 0 | blocked 0
Player position -2252.8911 1388.2654 842.3644 | moved 9 | blocked 2
Player input | Walk closer to an enemy
Player position -2252.8911 1388.2654 842.3644 | moved 9 | blocked 2
Native Quest terminal discard | destroyed b8 192 | log118 192 | source log vectors empty
Original front screen loaded | screen main | uri data/menus/dqmenus_droid.swf | clip _root.menu_MainMenu | id 510 | frames 31
Original front/HUD screen submitted | screen main
Surface resized to 2424 x 880
Surface resized to 2424 x 1080
Original front screen loaded | screen main | uri data/menus/dqmenus_droid.swf | clip _root.menu_MainMenu | id 510 | frames 31
Native menu preview selection | slot 0 | force 0 | avatar producer pending
Original front/HUD screen submitted | screen main
Owned menu renderer selected | name menu_StartGame | renderer main
Owned menu navigation | push menu_StartGame | depth 2
Native offline registration | entries 1 | added 1 | controllers 4 | renumber 1 | counter 39 | before authored slot assignment; Character association pending
Native menu slot assigned | slot 0 | ordinal 0 | manager stores 1 | player stores 1 | Character association pending
Development Crypt start requested | slot 0 | numeric 1 | requested difficulty 0 | full source level transition pending
Authored NativeStartGame request queued | selected slot 0 | numeric difficulty 1 | requested difficulty 0 | development Crypt continuation | delivery unwinds before world load
Native WorldMap catalogue | locations 13 | lockers 3 | distinct from FastTravelList; gameplay Save state loader pending
Native Quest catalogue | definitions 64 | immutable table and constants generation
Native managed metadata | players 1 | slot 0 | published680 1 | name setters 1 | class setters 1 | level setters 1 | Save 133951533653168 | Character660 0 | bounded normal offline Manage path; spawn/InitPost pending
Native gameplay class | slot 0 | class 263 | preset KnightPlayerBase | player queries 1 | mask1 calls 1 | publications 1 | own Save 133951533679688 | profile 133951801654024
Native gameplay property cache | class 263 | animation table 48 | max HP 42265 | max MP 6976
Native Player Save mask2 | Character 4294967297 | Save 133951533679688 | loader 133952874717920 | Quest118 4294967297 | QuestB8 4294967297 | calls 1 | retained 0 | standalone SG_Load(2); InitPost interstitial/mask4/GEAR pending
Native Quest startup | Save 133951533679688 | Character 4294967297 | log b8 192 | log118 192 | constants 1608 | retained 0 | Compile and quest gameplay pending
Native Player AIS initialized | AI 0x300000001 | AIS 0x79d3658533b8 | active 0x79d3658533b8 | pending 0x79d3658533b8 | phase 7 | VM 0x79d395891a70 | init mask 1f | HP 42264 / 42265 | MP 6975 / 6976 | timer33 0 | timer34 1 | one source InitProcess; Character profile/grants/frame/activation pending
Native full PlayerInfo | fields 33 | factory 1 | level 1 | class 263 | Character660 0 | slot664 0 | counter 45 | canonical registered; Character association pending
Menu game start | slot 0 | Crypt | 8 rooms | 13 monsters | 84 scenery objects
Connected player HUD submitted | viewport 2424 1080 | character 0x100000001 | HP 42264 42265 | MP 6975 6976 | XP 0 25600 | frames 98 98 0 98 98 | dirty 11 | retained movie 0x79d41585d370 | original timeline and viewport
Connected player HUD submitted | viewport 2424 1080 | character 0x100000001 | HP 42265 42265 | MP 6976 6976 | XP 0 25600 | frames 99 99 0 99 99 | dirty 11 | retained movie 0x79d41585d370 | original timeline and viewport
Player position -2227.7700 1220.9301 842.3644 | moved 0 | blocked 0
Surface resized to 2424 x 1080
Native WorldMap catalogue | locations 13 | lockers 3 | distinct from FastTravelList; gameplay Save state loader pending
Native Quest catalogue | definitions 64 | immutable table and constants generation
Native managed metadata | players 1 | slot 0 | published680 1 | name setters 0 | class setters 0 | level setters 0 | Save 133951533673040 | Character660 0 | bounded normal offline Manage path; spawn/InitPost pending
Native gameplay class | slot 0 | class 263 | preset KnightPlayerBase | player queries 1 | mask1 calls 1 | publications 1 | own Save 133951533703976 | profile 133951801414344
Native gameplay property cache | class 263 | animation table 48 | max HP 42265 | max MP 6976
Native Player Save mask2 | Character 4294967297 | Save 133951533679688 | loader 133952874717920 | Quest118 4294967297 | QuestB8 4294967297 | calls 1 | retained 1 | standalone SG_Load(2); InitPost interstitial/mask4/GEAR pending
Native Quest startup | Save 133951533679688 | Character 4294967297 | log b8 192 | log118 192 | constants 1608 | retained 1 | Compile and quest gameplay pending
Native Player AIS retained | initialized 1 | AI 0x300000001 | AIS 0x79d3658533b8 | active 0x79d3658533b8 | pending 0x79d3658533b8 | phase 7 | timer33 0 | timer34 1 | same owner/failure latch; no load/InitProcess replay
Native full PlayerInfo | fields 33 | factory 1 | level 1 | class 263 | Character660 0 | slot664 0 | counter 45 | canonical registered; Character association pending
Menu game start | slot 0 | Crypt | 8 rooms | 13 monsters | 84 scenery objects
Connected player HUD submitted | viewport 2424 1080 | character 0x100000001 | HP 42265 42265 | MP 6976 6976 | XP 0 25600 | frames 99 99 0 99 99 | dirty 11 | retained movie 0x79d41585d370 | original timeline and viewport
Player position -2227.7700 1220.9301 842.3644 | moved 0 | blocked 0
Native Quest terminal discard | destroyed b8 192 | log118 192 | source log vectors empty
Original front screen loaded | screen main | uri data/menus/dqmenus_droid.swf | clip _root.menu_MainMenu | id 510 | frames 31
Original front/HUD screen submitted | screen main
Surface resized to 2424 x 880
Surface resized to 2424 x 1080
Original front screen loaded | screen main | uri data/menus/dqmenus_droid.swf | clip _root.menu_MainMenu | id 510 | frames 31
Native menu preview selection | slot 0 | force 0 | avatar producer pending
Original front/HUD screen submitted | screen main
Native menu preview selection | slot 1 | force 0 | avatar producer pending
Owned menu renderer selected | name menu_EnterName | renderer main
Owned menu navigation | push menu_EnterName | depth 2
Original class selection updated | index 0 | class KnightPlayerBase | preview actors pending
Owned menu renderer selected | name menu_SelectClass | renderer main
Owned menu navigation | push menu_SelectClass | depth 3
Original class scene connected | clips 7 | tracks 27 | body previews 3 | weapons and lighting pending
Original class scene animation | lol_1_idle | 6000 6033
Original class scene animation | lol_1_to_2 | 0 1299
Original class selection updated | index 1 | class RoguePlayerBase | preview actors pending
Original class scene animation | lol_2_idle | 6333 6366
Native menu profile created | slot 1 | class 325 | level 1 | metadata sections 7 | online reads 3 | name private
Native offline registration | entries 1 | added 1 | controllers 4 | renumber 1 | counter 39 | before authored slot assignment; Character association pending
Native menu slot assigned | slot 1 | ordinal 0 | manager stores 1 | player stores 1 | Character association pending
Owned menu renderer selected | name menu_EnterName | renderer main
Owned menu navigation | pop menu_SelectClass | current menu_EnterName | depth 2
Owned menu renderer selected | name menu_MainMenu | renderer main
Owned menu navigation | pop menu_EnterName | current menu_MainMenu | depth 1
Owned menu navigation | pop above menu_MainMenu | current menu_MainMenu | depth 1
Owned menu renderer selected | name menu_StartGame | renderer main
Owned menu navigation | push menu_StartGame | depth 2
Native offline registration | entries 1 | added 0 | controllers 4 | renumber 0 | counter 39 | before authored slot assignment; Character association pending
Native menu slot assigned | slot 1 | ordinal 0 | manager stores 1 | player stores 1 | Character association pending
Development Crypt start requested | slot 1 | numeric 1 | requested difficulty 0 | full source level transition pending
Authored NativeStartGame request queued | selected slot 1 | numeric difficulty 1 | requested difficulty 0 | development Crypt continuation | delivery unwinds before world load
Native WorldMap catalogue | locations 13 | lockers 3 | distinct from FastTravelList; gameplay Save state loader pending
Native Quest catalogue | definitions 64 | immutable table and constants generation
Native managed metadata | players 1 | slot 1 | published680 1 | name setters 1 | class setters 1 | level setters 1 | Save 133951533714992 | Character660 0 | bounded normal offline Manage path; spawn/InitPost pending
Native gameplay class | slot 1 | class 325 | preset RoguePlayerBase | player queries 1 | mask1 calls 1 | publications 1 | own Save 133951533706184 | profile 133951801680024
Native gameplay property cache | class 325 | animation table 50 | max HP 37580 | max MP 10304
Native Player Save mask2 | Character 4294967297 | Save 133951533706184 | loader 133952874717360 | Quest118 4294967297 | QuestB8 4294967297 | calls 1 | retained 0 | standalone SG_Load(2); InitPost interstitial/mask4/GEAR pending
Native Quest startup | Save 133951533706184 | Character 4294967297 | log b8 192 | log118 192 | constants 1608 | retained 0 | Compile and quest gameplay pending
Native Player AIS initialized | AI 0x300000001 | AIS 0x79d365862538 | active 0x79d365862538 | pending 0x79d365862538 | phase 7 | VM 0x79d39589b560 | init mask 1f | HP 37579 / 37580 | MP 10303 / 10304 | timer33 0 | timer34 1 | one source InitProcess; Character profile/grants/frame/activation pending
Native full PlayerInfo | fields 33 | factory 1 | level 1 | class 325 | Character660 0 | slot664 1 | counter 45 | canonical registered; Character association pending
Menu game start | slot 1 | Crypt | 8 rooms | 13 monsters | 84 scenery objects
Connected player HUD submitted | viewport 2424 1080 | character 0x100000001 | HP 37579 37580 | MP 10303 10304 | XP 0 25600 | frames 98 98 0 98 98 | dirty 11 | retained movie 0x79d41585cba0 | original timeline and viewport
Connected player HUD submitted | viewport 2424 1080 | character 0x100000001 | HP 37580 37580 | MP 10304 10304 | XP 0 25600 | frames 99 99 0 99 99 | dirty 11 | retained movie 0x79d41585cba0 | original timeline and viewport
Player position -2227.7700 1220.9301 842.3644 | moved 0 | blocked 0
Native Quest terminal discard | destroyed b8 192 | log118 192 | source log vectors empty
Original front screen loaded | screen main | uri data/menus/dqmenus_droid.swf | clip _root.menu_MainMenu | id 510 | frames 31
Native menu preview selection | slot 0 | force 0 | avatar producer pending
Original front/HUD screen submitted | screen main
Surface resized to 2424 x 880
Surface resized to 2424 x 1080
Original front screen loaded | screen main | uri data/menus/dqmenus_droid.swf | clip _root.menu_MainMenu | id 510 | frames 31
Native menu preview selection | slot 0 | force 0 | avatar producer pending
Original front/HUD screen submitted | screen main
Native menu preview selection | slot 1 | force 0 | avatar producer pending
Owned menu renderer selected | name menu_StartGame | renderer main
Owned menu navigation | push menu_StartGame | depth 2
Native offline registration | entries 1 | added 1 | controllers 4 | renumber 1 | counter 39 | before authored slot assignment; Character association pending
Native menu slot assigned | slot 1 | ordinal 0 | manager stores 1 | player stores 1 | Character association pending
Development Crypt start requested | slot 1 | numeric 1 | requested difficulty 0 | full source level transition pending
Authored NativeStartGame request queued | selected slot 1 | numeric difficulty 1 | requested difficulty 0 | development Crypt continuation | delivery unwinds before world load
Native WorldMap catalogue | locations 13 | lockers 3 | distinct from FastTravelList; gameplay Save state loader pending
Native Quest catalogue | definitions 64 | immutable table and constants generation
Native managed metadata | players 1 | slot 1 | published680 1 | name setters 1 | class setters 1 | level setters 1 | Save 133951533741488 | Character660 0 | bounded normal offline Manage path; spawn/InitPost pending
Native gameplay class | slot 1 | class 325 | preset RoguePlayerBase | player queries 1 | mask1 calls 1 | publications 1 | own Save 133951533702872 | profile 133951801656344
Native gameplay property cache | class 325 | animation table 50 | max HP 37580 | max MP 10304
Native Player Save mask2 | Character 4294967297 | Save 133951533702872 | loader 133952874718704 | Quest118 4294967297 | QuestB8 4294967297 | calls 1 | retained 0 | standalone SG_Load(2); InitPost interstitial/mask4/GEAR pending
Native Quest startup | Save 133951533702872 | Character 4294967297 | log b8 192 | log118 192 | constants 1608 | retained 0 | Compile and quest gameplay pending
Native Player AIS initialized | AI 0x300000001 | AIS 0x79d3658533b8 | active 0x79d3658533b8 | pending 0x79d3658533b8 | phase 7 | VM 0x79d395893f70 | init mask 1f | HP 37579 / 37580 | MP 10303 / 10304 | timer33 0 | timer34 1 | one source InitProcess; Character profile/grants/frame/activation pending
Native full PlayerInfo | fields 33 | factory 1 | level 1 | class 325 | Character660 0 | slot664 1 | counter 45 | canonical registered; Character association pending
Menu game start | slot 1 | Crypt | 8 rooms | 13 monsters | 84 scenery objects
Connected player HUD submitted | viewport 2424 1080 | character 0x100000001 | HP 37579 37580 | MP 10303 10304 | XP 0 25600 | frames 98 98 0 98 98 | dirty 11 | retained movie 0x79d41585d550 | original timeline and viewport
Connected player HUD submitted | viewport 2424 1080 | character 0x100000001 | HP 37580 37580 | MP 10304 10304 | XP 0 25600 | frames 99 99 0 99 99 | dirty 11 | retained movie 0x79d41585d550 | original timeline and viewport
Player position -2227.7700 1220.9301 842.3644 | moved 0 | blocked 0
Surface resized to 2424 x 1080
Native WorldMap catalogue | locations 13 | lockers 3 | distinct from FastTravelList; gameplay Save state loader pending
Native Quest catalogue | definitions 64 | immutable table and constants generation
Native managed metadata | players 1 | slot 1 | published680 1 | name setters 0 | class setters 0 | level setters 0 | Save 133951533673040 | Character660 0 | bounded normal offline Manage path; spawn/InitPost pending
Native gameplay class | slot 1 | class 325 | preset RoguePlayerBase | player queries 1 | mask1 calls 1 | publications 1 | own Save 133951533652088 | profile 133951801432184
Native gameplay property cache | class 325 | animation table 50 | max HP 37580 | max MP 10304
Native Player Save mask2 | Character 4294967297 | Save 133951533702872 | loader 133952874718704 | Quest118 4294967297 | QuestB8 4294967297 | calls 1 | retained 1 | standalone SG_Load(2); InitPost interstitial/mask4/GEAR pending
Native Quest startup | Save 133951533702872 | Character 4294967297 | log b8 192 | log118 192 | constants 1608 | retained 1 | Compile and quest gameplay pending
Native Player AIS retained | initialized 1 | AI 0x300000001 | AIS 0x79d3658533b8 | active 0x79d3658533b8 | pending 0x79d3658533b8 | phase 7 | timer33 0 | timer34 1 | same owner/failure latch; no load/InitProcess replay
Native full PlayerInfo | fields 33 | factory 1 | level 1 | class 325 | Character660 0 | slot664 1 | counter 45 | canonical registered; Character association pending
Menu game start | slot 1 | Crypt | 8 rooms | 13 monsters | 84 scenery objects
Connected player HUD submitted | viewport 2424 1080 | character 0x100000001 | HP 37580 37580 | MP 10304 10304 | XP 0 25600 | frames 99 99 0 99 99 | dirty 11 | retained movie 0x79d41585d550 | original timeline and viewport
Player position -2227.7700 1220.9301 842.3644 | moved 0 | blocked 0
Native Quest terminal discard | destroyed b8 192 | log118 192 | source log vectors empty
Original front screen loaded | screen main | uri data/menus/dqmenus_droid.swf | clip _root.menu_MainMenu | id 510 | frames 31
Native menu preview selection | slot 0 | force 0 | avatar producer pending
Original front/HUD screen submitted | screen main
Surface resized to 2424 x 880
Surface resized to 2424 x 1080
Original front screen loaded | screen main | uri data/menus/dqmenus_droid.swf | clip _root.menu_MainMenu | id 510 | frames 31
Native menu preview selection | slot 0 | force 0 | avatar producer pending
Original front/HUD screen submitted | screen main
Native menu preview selection | slot 1 | force 0 | avatar producer pending
Native menu preview selection | slot 2 | force 0 | avatar producer pending
Owned menu renderer selected | name menu_EnterName | renderer main
Owned menu navigation | push menu_EnterName | depth 2
Original class selection updated | index 0 | class KnightPlayerBase | preview actors pending
Owned menu renderer selected | name menu_SelectClass | renderer main
Owned menu navigation | push menu_SelectClass | depth 3
Original class scene connected | clips 7 | tracks 27 | body previews 3 | weapons and lighting pending
Original class scene animation | lol_1_idle | 6000 6033
Original class scene animation | lol_1_to_2 | 0 1299
Original class selection updated | index 1 | class RoguePlayerBase | preview actors pending
Original class scene animation | lol_2_idle | 6333 6366
Original class scene animation | lol_2_to_3 | 1333 2633
Original class selection updated | index 2 | class MagePlayerBase | preview actors pending
Original class scene animation | lol_3_idle | 6666 6699
Native menu profile created | slot 2 | class 290 | level 1 | metadata sections 7 | online reads 3 | name private
Native offline registration | entries 1 | added 1 | controllers 4 | renumber 1 | counter 39 | before authored slot assignment; Character association pending
Native menu slot assigned | slot 2 | ordinal 0 | manager stores 1 | player stores 1 | Character association pending
Owned menu renderer selected | name menu_EnterName | renderer main
Owned menu navigation | pop menu_SelectClass | current menu_EnterName | depth 2
Owned menu renderer selected | name menu_MainMenu | renderer main
Owned menu navigation | pop menu_EnterName | current menu_MainMenu | depth 1
Owned menu navigation | pop above menu_MainMenu | current menu_MainMenu | depth 1
Owned menu renderer selected | name menu_StartGame | renderer main
Owned menu navigation | push menu_StartGame | depth 2
Native offline registration | entries 1 | added 0 | controllers 4 | renumber 0 | counter 39 | before authored slot assignment; Character association pending
Native menu slot assigned | slot 2 | ordinal 0 | manager stores 1 | player stores 1 | Character association pending
Development Crypt start requested | slot 2 | numeric 1 | requested difficulty 0 | full source level transition pending
Authored NativeStartGame request queued | selected slot 2 | numeric difficulty 1 | requested difficulty 0 | development Crypt continuation | delivery unwinds before world load
Native WorldMap catalogue | locations 13 | lockers 3 | distinct from FastTravelList; gameplay Save state loader pending
Native Quest catalogue | definitions 64 | immutable table and constants generation
Native managed metadata | players 1 | slot 2 | published680 1 | name setters 1 | class setters 1 | level setters 1 | Save 133951533665312 | Character660 0 | bounded normal offline Manage path; spawn/InitPost pending
Native gameplay class | slot 2 | class 290 | preset MagePlayerBase | player queries 1 | mask1 calls 1 | publications 1 | own Save 133951533652088 | profile 133951801677624
Native gameplay property cache | class 290 | animation table 49 | max HP 36096 | max MP 20096
Native Player Save mask2 | Character 4294967297 | Save 133951533652088 | loader 133952874718144 | Quest118 4294967297 | QuestB8 4294967297 | calls 1 | retained 0 | standalone SG_Load(2); InitPost interstitial/mask4/GEAR pending
Native Quest startup | Save 133951533652088 | Character 4294967297 | log b8 192 | log118 192 | constants 1608 | retained 0 | Compile and quest gameplay pending
Native Player AIS initialized | AI 0x300000001 | AIS 0x79d36585fcf8 | active 0x79d36585fcf8 | pending 0x79d36585fcf8 | phase 7 | VM 0x79d39589bc50 | init mask 1f | HP 36095 / 36096 | MP 20095 / 20096 | timer33 0 | timer34 1 | one source InitProcess; Character profile/grants/frame/activation pending
Native full PlayerInfo | fields 33 | factory 1 | level 1 | class 290 | Character660 0 | slot664 2 | counter 45 | canonical registered; Character association pending
Menu game start | slot 2 | Crypt | 8 rooms | 13 monsters | 84 scenery objects
Connected player HUD submitted | viewport 2424 1080 | character 0x100000001 | HP 36095 36096 | MP 20095 20096 | XP 0 25600 | frames 98 98 0 98 98 | dirty 11 | retained movie 0x79d41585cec0 | original timeline and viewport
Connected player HUD submitted | viewport 2424 1080 | character 0x100000001 | HP 36096 36096 | MP 20096 20096 | XP 0 25600 | frames 99 99 0 99 99 | dirty 11 | retained movie 0x79d41585cec0 | original timeline and viewport
Player position -2227.7700 1220.9301 842.3644 | moved 0 | blocked 0
Native Quest terminal discard | destroyed b8 192 | log118 192 | source log vectors empty
Original front screen loaded | screen main | uri data/menus/dqmenus_droid.swf | clip _root.menu_MainMenu | id 510 | frames 31
Native menu preview selection | slot 0 | force 0 | avatar producer pending
Original front/HUD screen submitted | screen main
Surface resized to 2424 x 880
Surface resized to 2424 x 1080
Original front screen loaded | screen main | uri data/menus/dqmenus_droid.swf | clip _root.menu_MainMenu | id 510 | frames 31
Native menu preview selection | slot 0 | force 0 | avatar producer pending
Original front/HUD screen submitted | screen main
Native menu preview selection | slot 1 | force 0 | avatar producer pending
Native menu preview selection | slot 2 | force 0 | avatar producer pending
Owned menu renderer selected | name menu_StartGame | renderer main
Owned menu navigation | push menu_StartGame | depth 2
Native offline registration | entries 1 | added 1 | controllers 4 | renumber 1 | counter 39 | before authored slot assignment; Character association pending
Native menu slot assigned | slot 2 | ordinal 0 | manager stores 1 | player stores 1 | Character association pending
Development Crypt start requested | slot 2 | numeric 1 | requested difficulty 0 | full source level transition pending
Authored NativeStartGame request queued | selected slot 2 | numeric difficulty 1 | requested difficulty 0 | development Crypt continuation | delivery unwinds before world load
Native WorldMap catalogue | locations 13 | lockers 3 | distinct from FastTravelList; gameplay Save state loader pending
Native Quest catalogue | definitions 64 | immutable table and constants generation
Native managed metadata | players 1 | slot 2 | published680 1 | name setters 1 | class setters 1 | level setters 1 | Save 133951533601280 | Character660 0 | bounded normal offline Manage path; spawn/InitPost pending
Native gameplay class | slot 2 | class 290 | preset MagePlayerBase | player queries 1 | mask1 calls 1 | publications 1 | own Save 133951533592472 | profile 133951801657304
Native gameplay property cache | class 290 | animation table 49 | max HP 36096 | max MP 20096
Native Player Save mask2 | Character 4294967297 | Save 133951533592472 | loader 133952874721616 | Quest118 4294967297 | QuestB8 4294967297 | calls 1 | retained 0 | standalone SG_Load(2); InitPost interstitial/mask4/GEAR pending
Native Quest startup | Save 133951533592472 | Character 4294967297 | log b8 192 | log118 192 | constants 1608 | retained 0 | Compile and quest gameplay pending
Native Player AIS initialized | AI 0x300000001 | AIS 0x79d36584d928 | active 0x79d36584d928 | pending 0x79d36584d928 | phase 7 | VM 0x79d395892850 | init mask 1f | HP 36095 / 36096 | MP 20095 / 20096 | timer33 0 | timer34 1 | one source InitProcess; Character profile/grants/frame/activation pending
Native full PlayerInfo | fields 33 | factory 1 | level 1 | class 290 | Character660 0 | slot664 2 | counter 45 | canonical registered; Character association pending
Menu game start | slot 2 | Crypt | 8 rooms | 13 monsters | 84 scenery objects
Connected player HUD submitted | viewport 2424 1080 | character 0x100000001 | HP 36095 36096 | MP 20095 20096 | XP 0 25600 | frames 98 98 0 98 98 | dirty 11 | retained movie 0x79d41585d550 | original timeline and viewport
Connected player HUD submitted | viewport 2424 1080 | character 0x100000001 | HP 36096 36096 | MP 20096 20096 | XP 0 25600 | frames 99 99 0 99 99 | dirty 11 | retained movie 0x79d41585d550 | original timeline and viewport
Player position -2227.7700 1220.9301 842.3644 | moved 0 | blocked 0
Surface resized to 2424 x 1080
Native WorldMap catalogue | locations 13 | lockers 3 | distinct from FastTravelList; gameplay Save state loader pending
Native Quest catalogue | definitions 64 | immutable table and constants generation
Native managed metadata | players 1 | slot 2 | published680 1 | name setters 0 | class setters 0 | level setters 0 | Save 133951533856304 | Character660 0 | bounded normal offline Manage path; spawn/InitPost pending
Native gameplay class | slot 2 | class 290 | preset MagePlayerBase | player queries 1 | mask1 calls 1 | publications 1 | own Save 133951533880616 | profile 133951801126584
Native gameplay property cache | class 290 | animation table 49 | max HP 36096 | max MP 20096
Native Player Save mask2 | Character 4294967297 | Save 133951533592472 | loader 133952874721616 | Quest118 4294967297 | QuestB8 4294967297 | calls 1 | retained 1 | standalone SG_Load(2); InitPost interstitial/mask4/GEAR pending
Native Quest startup | Save 133951533592472 | Character 4294967297 | log b8 192 | log118 192 | constants 1608 | retained 1 | Compile and quest gameplay pending
Native Player AIS retained | initialized 1 | AI 0x300000001 | AIS 0x79d36584d928 | active 0x79d36584d928 | pending 0x79d36584d928 | phase 7 | timer33 0 | timer34 1 | same owner/failure latch; no load/InitProcess replay
Native full PlayerInfo | fields 33 | factory 1 | level 1 | class 290 | Character660 0 | slot664 2 | counter 45 | canonical registered; Character association pending
Menu game start | slot 2 | Crypt | 8 rooms | 13 monsters | 84 scenery objects
Connected player HUD submitted | viewport 2424 1080 | character 0x100000001 | HP 36096 36096 | MP 20096 20096 | XP 0 25600 | frames 99 99 0 99 99 | dirty 11 | retained movie 0x79d41585d550 | original timeline and viewport
Player position -2227.7700 1220.9301 842.3644 | moved 0 | blocked 0
Native Quest terminal discard | destroyed b8 192 | log118 192 | source log vectors empty
Original front screen loaded | screen main | uri data/menus/dqmenus_droid.swf | clip _root.menu_MainMenu | id 510 | frames 31
Native menu preview selection | slot 0 | force 0 | avatar producer pending
Original front/HUD screen submitted | screen main
