Surface resized to 2424 x 880
Surface resized to 2424 x 1080
Original front screen loaded | screen main | uri data/menus/dqmenus_droid.swf | clip _root.menu_MainMenu | id 510 | frames 31
Native menu preview selection | slot 0 | force 0 | avatar producer pending
Original front/HUD screen submitted | screen main
Owned menu renderer selected | name menu_EnterName | renderer main
Owned menu navigation | push menu_EnterName | depth 2
Original class selection updated | index 0 | class KnightPlayerBase | preview actors pending
Owned menu renderer selected | name menu_SelectClass | renderer main
Owned menu navigation | push menu_SelectClass | depth 3
Original class scene connected | clips 7 | tracks 27 | body previews 3 | weapons and lighting pending
Original class scene animation | lol_1_idle | 6000 6033
Native menu profile created | slot 0 | class 263 | level 1 | metadata sections 7 | online reads 3 | name private
Native menu slot assigned | slot 0 | ordinal 0 | manager stores 1 | player stores 1 | Character association pending
Owned menu renderer selected | name menu_EnterName | renderer main
Owned menu navigation | pop menu_SelectClass | current menu_EnterName | depth 2
Owned menu renderer selected | name menu_MainMenu | renderer main
Owned menu navigation | pop menu_EnterName | current menu_MainMenu | depth 1
Owned menu navigation | pop above menu_MainMenu | current menu_MainMenu | depth 1
Owned menu renderer selected | name menu_StartGame | renderer main
Owned menu navigation | push menu_StartGame | depth 2
Native menu slot assigned | slot 0 | ordinal 0 | manager stores 1 | player stores 1 | Character association pending
Development Crypt start requested | slot 0 | numeric 1 | requested difficulty 0 | full source level transition pending
Authored NativeStartGame request queued | selected slot 0 | numeric difficulty 1 | requested difficulty 0 | development Crypt continuation | delivery unwinds before world load
Native gameplay class | slot 0 | class 263 | preset KnightPlayerBase | player queries 1 | mask1 calls 1 | publications 1 | own Save 128929165940328 | profile 128931045701640
Native gameplay property cache | class 263 | animation table 48 | max HP 42265 | max MP 6976
Native Player AIS initialized | AI 0x300000001 | AIS 0x7542592476f8 | active 0x7542592476f8 | pending 0x7542592476f8 | phase 7 | VM 0x7541c92b4660 | init mask 1f | HP 42264 / 42265 | MP 6975 / 6976 | timer33 0 | timer34 1 | one source InitProcess; Character profile/grants/frame/activation pending
Menu game start | slot 0 | Crypt | 8 rooms | 13 monsters | 84 scenery objects
Connected player HUD submitted | viewport 2424 1080 | character 0x100000001 | HP 42264 42265 | MP 6975 6976 | XP 0 25600 | frames 98 98 0 98 98 | dirty 11 | retained movie 0x754319254b00 | original timeline and viewport
Connected player HUD submitted | viewport 2424 1080 | character 0x100000001 | HP 42265 42265 | MP 6976 6976 | XP 0 25600 | frames 99 99 0 99 99 | dirty 11 | retained movie 0x754319254b00 | original timeline and viewport
Original front screen loaded | screen main | uri data/menus/dqmenus_droid.swf | clip _root.menu_MainMenu | id 510 | frames 31
Original front/HUD screen submitted | screen main
Surface resized to 2424 x 1080
Surface resized to 2424 x 880
Surface resized to 2424 x 1080
Original front screen loaded | screen main | uri data/menus/dqmenus_droid.swf | clip _root.menu_MainMenu | id 510 | frames 31
Native menu preview selection | slot 0 | force 0 | avatar producer pending
Original front/HUD screen submitted | screen main
Owned menu renderer selected | name menu_StartGame | renderer main
Owned menu navigation | push menu_StartGame | depth 2
Native menu slot assigned | slot 0 | ordinal 0 | manager stores 1 | player stores 1 | Character association pending
Development Crypt start requested | slot 0 | numeric 1 | requested difficulty 0 | full source level transition pending
Authored NativeStartGame request queued | selected slot 0 | numeric difficulty 1 | requested difficulty 0 | development Crypt continuation | delivery unwinds before world load
Native gameplay class | slot 0 | class 263 | preset KnightPlayerBase | player queries 1 | mask1 calls 1 | publications 1 | own Save 128929165945608 | profile 128931045670280
Native gameplay property cache | class 263 | animation table 48 | max HP 42265 | max MP 6976
Native Player AIS initialized | AI 0x300000001 | AIS 0x754259274b78 | active 0x754259274b78 | pending 0x754259274b78 | phase 7 | VM 0x7541c92b66c0 | init mask 1f | HP 42264 / 42265 | MP 6975 / 6976 | timer33 0 | timer34 1 | one source InitProcess; Character profile/grants/frame/activation pending
Menu game start | slot 0 | Crypt | 8 rooms | 13 monsters | 84 scenery objects
Connected player HUD submitted | viewport 2424 1080 | character 0x100000001 | HP 42264 42265 | MP 6975 6976 | XP 0 25600 | frames 98 98 0 98 98 | dirty 11 | retained movie 0x754319254bf0 | original timeline and viewport
Connected player HUD submitted | viewport 2424 1080 | character 0x100000001 | HP 42265 42265 | MP 6976 6976 | XP 0 25600 | frames 99 99 0 99 99 | dirty 11 | retained movie 0x754319254bf0 | original timeline and viewport
Surface resized to 2424 x 1080
Native gameplay class | slot 0 | class 263 | preset KnightPlayerBase | player queries 1 | mask1 calls 1 | publications 1 | own Save 128929165903016 | profile 128931045335560
Native gameplay property cache | class 263 | animation table 48 | max HP 42265 | max MP 6976
Native Player AIS retained | initialized 1 | AI 0x300000001 | AIS 0x754259274b78 | active 0x754259274b78 | pending 0x754259274b78 | phase 7 | timer33 0 | timer34 1 | same owner/failure latch; no load/InitProcess replay
Menu game start | slot 0 | Crypt | 8 rooms | 13 monsters | 84 scenery objects
Connected player HUD submitted | viewport 2424 1080 | character 0x100000001 | HP 42265 42265 | MP 6976 6976 | XP 0 25600 | frames 99 99 0 99 99 | dirty 11 | retained movie 0x754319254bf0 | original timeline and viewport
Original front screen loaded | screen main | uri data/menus/dqmenus_droid.swf | clip _root.menu_MainMenu | id 510 | frames 31
Original front/HUD screen submitted | screen main
Surface resized to 2424 x 880
Surface resized to 2424 x 1080
Original front screen loaded | screen main | uri data/menus/dqmenus_droid.swf | clip _root.menu_MainMenu | id 510 | frames 31
Native menu preview selection | slot 0 | force 0 | avatar producer pending
Original front/HUD screen submitted | screen main
Native menu preview selection | slot 1 | force 0 | avatar producer pending
Owned menu renderer selected | name menu_EnterName | renderer main
Owned menu navigation | push menu_EnterName | depth 2
Original class selection updated | index 0 | class KnightPlayerBase | preview actors pending
Owned menu renderer selected | name menu_SelectClass | renderer main
Owned menu navigation | push menu_SelectClass | depth 3
Original class scene connected | clips 7 | tracks 27 | body previews 3 | weapons and lighting pending
Original class scene animation | lol_1_idle | 6000 6033
Original class scene animation | lol_1_to_2 | 0 1299
Original class selection updated | index 1 | class RoguePlayerBase | preview actors pending
Original class scene animation | lol_2_idle | 6333 6366
Native menu profile created | slot 1 | class 325 | level 1 | metadata sections 7 | online reads 3 | name private
Native menu slot assigned | slot 1 | ordinal 0 | manager stores 1 | player stores 1 | Character association pending
Owned menu renderer selected | name menu_EnterName | renderer main
Owned menu navigation | pop menu_SelectClass | current menu_EnterName | depth 2
Owned menu renderer selected | name menu_MainMenu | renderer main
Owned menu navigation | pop menu_EnterName | current menu_MainMenu | depth 1
Owned menu navigation | pop above menu_MainMenu | current menu_MainMenu | depth 1
Owned menu renderer selected | name menu_StartGame | renderer main
Owned menu navigation | push menu_StartGame | depth 2
Native menu slot assigned | slot 1 | ordinal 0 | manager stores 1 | player stores 1 | Character association pending
Development Crypt start requested | slot 1 | numeric 1 | requested difficulty 0 | full source level transition pending
Authored NativeStartGame request queued | selected slot 1 | numeric difficulty 1 | requested difficulty 0 | development Crypt continuation | delivery unwinds before world load
Native gameplay class | slot 1 | class 325 | preset RoguePlayerBase | player queries 1 | mask1 calls 1 | publications 1 | own Save 128929165943144 | profile 128931045698680
Native gameplay property cache | class 325 | animation table 50 | max HP 37580 | max MP 10304
Native Player AIS initialized | AI 0x300000001 | AIS 0x75425923e008 | active 0x75425923e008 | pending 0x75425923e008 | phase 7 | VM 0x7541c92bae70 | init mask 1f | HP 37579 / 37580 | MP 10303 / 10304 | timer33 0 | timer34 1 | one source InitProcess; Character profile/grants/frame/activation pending
Menu game start | slot 1 | Crypt | 8 rooms | 13 monsters | 84 scenery objects
Connected player HUD submitted | viewport 2424 1080 | character 0x100000001 | HP 37579 37580 | MP 10303 10304 | XP 0 25600 | frames 98 98 0 98 98 | dirty 11 | retained movie 0x754319255410 | original timeline and viewport
Connected player HUD submitted | viewport 2424 1080 | character 0x100000001 | HP 37580 37580 | MP 10304 10304 | XP 0 25600 | frames 99 99 0 99 99 | dirty 11 | retained movie 0x754319255410 | original timeline and viewport
Original front screen loaded | screen main | uri data/menus/dqmenus_droid.swf | clip _root.menu_MainMenu | id 510 | frames 31
Native menu preview selection | slot 0 | force 0 | avatar producer pending
Original front/HUD screen submitted | screen main
Surface resized to 2424 x 880
Surface resized to 2424 x 1080
Original front screen loaded | screen main | uri data/menus/dqmenus_droid.swf | clip _root.menu_MainMenu | id 510 | frames 31
Native menu preview selection | slot 0 | force 0 | avatar producer pending
Original front/HUD screen submitted | screen main
Native menu preview selection | slot 1 | force 0 | avatar producer pending
Owned menu renderer selected | name menu_StartGame | renderer main
Owned menu navigation | push menu_StartGame | depth 2
Native menu slot assigned | slot 1 | ordinal 0 | manager stores 1 | player stores 1 | Character association pending
Development Crypt start requested | slot 1 | numeric 1 | requested difficulty 0 | full source level transition pending
Authored NativeStartGame request queued | selected slot 1 | numeric difficulty 1 | requested difficulty 0 | development Crypt continuation | delivery unwinds before world load
Native gameplay class | slot 1 | class 325 | preset RoguePlayerBase | player queries 1 | mask1 calls 1 | publications 1 | own Save 128929165930472 | profile 128931045668280
Native gameplay property cache | class 325 | animation table 50 | max HP 37580 | max MP 10304
Native Player AIS initialized | AI 0x300000001 | AIS 0x754259277dc8 | active 0x754259277dc8 | pending 0x754259277dc8 | phase 7 | VM 0x7541c92b3f70 | init mask 1f | HP 37579 / 37580 | MP 10303 / 10304 | timer33 0 | timer34 1 | one source InitProcess; Character profile/grants/frame/activation pending
Menu game start | slot 1 | Crypt | 8 rooms | 13 monsters | 84 scenery objects
Connected player HUD submitted | viewport 2424 1080 | character 0x100000001 | HP 37579 37580 | MP 10303 10304 | XP 0 25600 | frames 98 98 0 98 98 | dirty 11 | retained movie 0x754319254d80 | original timeline and viewport
Connected player HUD submitted | viewport 2424 1080 | character 0x100000001 | HP 37580 37580 | MP 10304 10304 | XP 0 25600 | frames 99 99 0 99 99 | dirty 11 | retained movie 0x754319254d80 | original timeline and viewport
Surface resized to 2424 x 1080
Native gameplay class | slot 1 | class 325 | preset RoguePlayerBase | player queries 1 | mask1 calls 1 | publications 1 | own Save 128929165923784 | profile 128931045279640
Native gameplay property cache | class 325 | animation table 50 | max HP 37580 | max MP 10304
Native Player AIS retained | initialized 1 | AI 0x300000001 | AIS 0x754259277dc8 | active 0x754259277dc8 | pending 0x754259277dc8 | phase 7 | timer33 0 | timer34 1 | same owner/failure latch; no load/InitProcess replay
Menu game start | slot 1 | Crypt | 8 rooms | 13 monsters | 84 scenery objects
Connected player HUD submitted | viewport 2424 1080 | character 0x100000001 | HP 37580 37580 | MP 10304 10304 | XP 0 25600 | frames 99 99 0 99 99 | dirty 11 | retained movie 0x754319254d80 | original timeline and viewport
Original front screen loaded | screen main | uri data/menus/dqmenus_droid.swf | clip _root.menu_MainMenu | id 510 | frames 31
Native menu preview selection | slot 0 | force 0 | avatar producer pending
Original front/HUD screen submitted | screen main
Surface resized to 2424 x 880
Surface resized to 2424 x 1080
Original front screen loaded | screen main | uri data/menus/dqmenus_droid.swf | clip _root.menu_MainMenu | id 510 | frames 31
Native menu preview selection | slot 0 | force 0 | avatar producer pending
Original front/HUD screen submitted | screen main
Native menu preview selection | slot 1 | force 0 | avatar producer pending
Native menu preview selection | slot 2 | force 0 | avatar producer pending
Owned menu renderer selected | name menu_EnterName | renderer main
Owned menu navigation | push menu_EnterName | depth 2
Original class selection updated | index 0 | class KnightPlayerBase | preview actors pending
Owned menu renderer selected | name menu_SelectClass | renderer main
Owned menu navigation | push menu_SelectClass | depth 3
Original class scene connected | clips 7 | tracks 27 | body previews 3 | weapons and lighting pending
Original class scene animation | lol_1_idle | 6000 6033
Original class scene animation | lol_1_to_2 | 0 1299
Original class selection updated | index 1 | class RoguePlayerBase | preview actors pending
Original class scene animation | lol_2_idle | 6333 6366
Original class scene animation | lol_2_to_3 | 1333 2633
Original class selection updated | index 2 | class MagePlayerBase | preview actors pending
Original class scene animation | lol_3_idle | 6666 6699
Native menu profile created | slot 2 | class 290 | level 1 | metadata sections 7 | online reads 3 | name private
Native menu slot assigned | slot 2 | ordinal 0 | manager stores 1 | player stores 1 | Character association pending
Owned menu renderer selected | name menu_EnterName | renderer main
Owned menu navigation | pop menu_SelectClass | current menu_EnterName | depth 2
Owned menu renderer selected | name menu_MainMenu | renderer main
Owned menu navigation | pop menu_EnterName | current menu_MainMenu | depth 1
Owned menu navigation | pop above menu_MainMenu | current menu_MainMenu | depth 1
Owned menu renderer selected | name menu_StartGame | renderer main
Owned menu navigation | push menu_StartGame | depth 2
Native menu slot assigned | slot 2 | ordinal 0 | manager stores 1 | player stores 1 | Character association pending
Development Crypt start requested | slot 2 | numeric 1 | requested difficulty 0 | full source level transition pending
Authored NativeStartGame request queued | selected slot 2 | numeric difficulty 1 | requested difficulty 0 | development Crypt continuation | delivery unwinds before world load
Native gameplay class | slot 2 | class 290 | preset MagePlayerBase | player queries 1 | mask1 calls 1 | publications 1 | own Save 128929165931528 | profile 128931045697000
Native gameplay property cache | class 290 | animation table 49 | max HP 36096 | max MP 20096
Native Player AIS initialized | AI 0x300000001 | AIS 0x7542592832e8 | active 0x7542592832e8 | pending 0x7542592832e8 | phase 7 | VM 0x7541c92ba9d0 | init mask 1f | HP 36095 / 36096 | MP 20095 / 20096 | timer33 0 | timer34 1 | one source InitProcess; Character profile/grants/frame/activation pending
Menu game start | slot 2 | Crypt | 8 rooms | 13 monsters | 84 scenery objects
Connected player HUD submitted | viewport 2424 1080 | character 0x100000001 | HP 36095 36096 | MP 20095 20096 | XP 0 25600 | frames 98 98 0 98 98 | dirty 11 | retained movie 0x754319254ec0 | original timeline and viewport
Connected player HUD submitted | viewport 2424 1080 | character 0x100000001 | HP 36096 36096 | MP 20096 20096 | XP 0 25600 | frames 99 99 0 99 99 | dirty 11 | retained movie 0x754319254ec0 | original timeline and viewport
Original front screen loaded | screen main | uri data/menus/dqmenus_droid.swf | clip _root.menu_MainMenu | id 510 | frames 31
Native menu preview selection | slot 0 | force 0 | avatar producer pending
Original front/HUD screen submitted | screen main
Surface resized to 2424 x 880
Surface resized to 2424 x 1080
Original front screen loaded | screen main | uri data/menus/dqmenus_droid.swf | clip _root.menu_MainMenu | id 510 | frames 31
Native menu preview selection | slot 0 | force 0 | avatar producer pending
Original front/HUD screen submitted | screen main
Native menu preview selection | slot 1 | force 0 | avatar producer pending
Native menu preview selection | slot 2 | force 0 | avatar producer pending
Owned menu renderer selected | name menu_StartGame | renderer main
Owned menu navigation | push menu_StartGame | depth 2
Native menu slot assigned | slot 2 | ordinal 0 | manager stores 1 | player stores 1 | Character association pending
Development Crypt start requested | slot 2 | numeric 1 | requested difficulty 0 | full source level transition pending
Authored NativeStartGame request queued | selected slot 2 | numeric difficulty 1 | requested difficulty 0 | development Crypt continuation | delivery unwinds before world load
Native gameplay class | slot 2 | class 290 | preset MagePlayerBase | player queries 1 | mask1 calls 1 | publications 1 | own Save 128929165930472 | profile 128931045665800
Native gameplay property cache | class 290 | animation table 49 | max HP 36096 | max MP 20096
Native Player AIS initialized | AI 0x300000001 | AIS 0x754259275f98 | active 0x754259275f98 | pending 0x754259275f98 | phase 7 | VM 0x7541c92b66c0 | init mask 1f | HP 36095 / 36096 | MP 20095 / 20096 | timer33 0 | timer34 1 | one source InitProcess; Character profile/grants/frame/activation pending
Menu game start | slot 2 | Crypt | 8 rooms | 13 monsters | 84 scenery objects
Connected player HUD submitted | viewport 2424 1080 | character 0x100000001 | HP 36095 36096 | MP 20095 20096 | XP 0 25600 | frames 98 98 0 98 98 | dirty 11 | retained movie 0x754319254e20 | original timeline and viewport
Surface resized to 2424 x 1080
Native gameplay class | slot 2 | class 290 | preset MagePlayerBase | player queries 1 | mask1 calls 1 | publications 1 | own Save 128929165905832 | profile 128931045399720
Native gameplay property cache | class 290 | animation table 49 | max HP 36096 | max MP 20096
Native Player AIS retained | initialized 1 | AI 0x300000001 | AIS 0x754259275f98 | active 0x754259275f98 | pending 0x754259275f98 | phase 7 | timer33 0 | timer34 1 | same owner/failure latch; no load/InitProcess replay
Menu game start | slot 2 | Crypt | 8 rooms | 13 monsters | 84 scenery objects
Connected player HUD submitted | viewport 2424 1080 | character 0x100000001 | HP 36095 36096 | MP 20095 20096 | XP 0 25600 | frames 98 98 0 98 98 | dirty 11 | retained movie 0x754319254e20 | original timeline and viewport
Connected player HUD submitted | viewport 2424 1080 | character 0x100000001 | HP 36096 36096 | MP 20096 20096 | XP 0 25600 | frames 99 99 0 99 99 | dirty 11 | retained movie 0x754319254e20 | original timeline and viewport
Original front screen loaded | screen main | uri data/menus/dqmenus_droid.swf | clip _root.menu_MainMenu | id 510 | frames 31
Native menu preview selection | slot 0 | force 0 | avatar producer pending
Original front/HUD screen submitted | screen main
