Reusing configuration cache.
> Task :app:preBuild UP-TO-DATE
> Task :app:generateDebugAssets UP-TO-DATE
> Task :app:preDebugBuild UP-TO-DATE
> Task :app:createDebugCompatibleScreenManifests UP-TO-DATE
> Task :app:desugarDebugFileDependencies UP-TO-DATE
> Task :app:mergeDebugNativeDebugMetadata NO-SOURCE
> Task :app:javaPreCompileDebug UP-TO-DATE
> Task :app:generateDebugResources UP-TO-DATE
> Task :app:mergeDebugJniLibFolders UP-TO-DATE
> Task :app:generateDebugGlobalSynthetics UP-TO-DATE
> Task :app:mapDebugSourceSetPaths UP-TO-DATE
> Task :app:extractDeepLinksDebug UP-TO-DATE
> Task :app:validateSigningDebug UP-TO-DATE
> Task :app:writeDebugSigningConfigVersions UP-TO-DATE
> Task :app:writeDebugAppMetadata UP-TO-DATE
> Task :app:mergeDebugAssets UP-TO-DATE
> Task :app:packageDebugResources UP-TO-DATE
> Task :app:checkDebugAarMetadata UP-TO-DATE
> Task :app:processDebugNavigationResources UP-TO-DATE
> Task :app:checkDebugDuplicateClasses UP-TO-DATE
> Task :app:compressDebugAssets UP-TO-DATE
> Task :app:compileDebugNavigationResources UP-TO-DATE
> Task :app:parseDebugLocalResources UP-TO-DATE
> Task :app:mergeLibDexDebug UP-TO-DATE
> Task :app:generateDebugRFile UP-TO-DATE
> Task :app:mergeDebugResources UP-TO-DATE
> Task :app:mergeExtDexDebug UP-TO-DATE
> Task :app:compileDebugKotlin NO-SOURCE
> Task :app:processDebugMainManifest UP-TO-DATE
> Task :app:processDebugJavaRes NO-SOURCE
> Task :app:processDebugManifest UP-TO-DATE
> Task :app:processDebugManifestForPackage UP-TO-DATE
> Task :app:compileDebugJavaWithJavac UP-TO-DATE
> Task :app:mergeDebugJavaResource UP-TO-DATE
> Task :app:configureCMakeDebug[x86_64]
> Task :app:configureCMakeDebug[arm64-v8a]
> Task :app:processDebugResources UP-TO-DATE
> Task :app:dexBuilderDebug UP-TO-DATE
> Task :app:mergeProjectDexDebug UP-TO-DATE

> Task :app:buildCMakeDebug[x86_64]
C/C++: ninja: Entering directory `<local path>
C/C++: In file included from <local path>
C/C++: <local path> warning: expression result unused [-Wunused-value]
C/C++:    95 |         virtual void Add(const b2ContactPoint* point) { B2_NOT_USED(point); }
C/C++:       |                                                                     ^~~~~
C/C++: <local path> note: expanded from macro 'B2_NOT_USED'
C/C++:    25 | #define B2_NOT_USED(x) x
C/C++:       |                        ^
C/C++: In file included from <local path>
C/C++: <local path> warning: expression result unused [-Wunused-value]
C/C++:    99 |         virtual void Persist(const b2ContactPoint* point) { B2_NOT_USED(point); }
C/C++:       |                                                                         ^~~~~
C/C++: <local path> note: expanded from macro 'B2_NOT_USED'
C/C++:    25 | #define B2_NOT_USED(x) x
C/C++:       |                        ^
C/C++: In file included from <local path>
C/C++: <local path> warning: expression result unused [-Wunused-value]
C/C++:   103 |         virtual void Remove(const b2ContactPoint* point) { B2_NOT_USED(point); }
C/C++:       |                                                                        ^~~~~
C/C++: <local path> note: expanded from macro 'B2_NOT_USED'
C/C++:    25 | #define B2_NOT_USED(x) x
C/C++:       |                        ^
C/C++: In file included from <local path>
C/C++: <local path> warning: expression result unused [-Wunused-value]
C/C++:   106 |         virtual void Result(const b2ContactResult* point) { B2_NOT_USED(point); }
C/C++:       |                                                                         ^~~~~
C/C++: <local path> note: expanded from macro 'B2_NOT_USED'
C/C++:    25 | #define B2_NOT_USED(x) x
C/C++:       |                        ^
C/C++: 4 warnings generated.

> Task :app:buildCMakeDebug[arm64-v8a]
C/C++: ninja: Entering directory `<local path>
C/C++: In file included from <local path>
C/C++: <local path> warning: expression result unused [-Wunused-value]
C/C++:    95 |         virtual void Add(const b2ContactPoint* point) { B2_NOT_USED(point); }
C/C++:       |                                                                     ^~~~~
C/C++: <local path> note: expanded from macro 'B2_NOT_USED'
C/C++:    25 | #define B2_NOT_USED(x) x
C/C++:       |                        ^
C/C++: In file included from <local path>
C/C++: <local path> warning: expression result unused [-Wunused-value]
C/C++:    99 |         virtual void Persist(const b2ContactPoint* point) { B2_NOT_USED(point); }
C/C++:       |                                                                         ^~~~~
C/C++: <local path> note: expanded from macro 'B2_NOT_USED'
C/C++:    25 | #define B2_NOT_USED(x) x
C/C++:       |                        ^
C/C++: In file included from <local path>
C/C++: <local path> warning: expression result unused [-Wunused-value]
C/C++:   103 |         virtual void Remove(const b2ContactPoint* point) { B2_NOT_USED(point); }
C/C++:       |                                                                        ^~~~~
C/C++: <local path> note: expanded from macro 'B2_NOT_USED'
C/C++:    25 | #define B2_NOT_USED(x) x
C/C++:       |                        ^
C/C++: In file included from <local path>
C/C++: <local path> warning: expression result unused [-Wunused-value]
C/C++:   106 |         virtual void Result(const b2ContactResult* point) { B2_NOT_USED(point); }
C/C++:       |                                                                         ^~~~~
C/C++: <local path> note: expanded from macro 'B2_NOT_USED'
C/C++:    25 | #define B2_NOT_USED(x) x
C/C++:       |                        ^
C/C++: 4 warnings generated.

> Task :app:mergeDebugNativeLibs
> Task :app:stripDebugDebugSymbols
> Task :app:packageDebug
> Task :app:assembleDebug
> Task :app:createDebugApkListingFileRedirect UP-TO-DATE

BUILD SUCCESSFUL in 3s
39 actionable tasks: 7 executed, 32 up-to-date
Configuration cache entry reused.
