linker: Warning: failed to find generated linker configuration from "/linkerconfig/ld.config.txt"
WARNING: linker: Warning: failed to find generated linker configuration from "/linkerconfig/ld.config.txt"
[zb] sysroot has no /system/etc/ld.config.arm.txt; using the device file
[zb] sysroot has no /linkerconfig/ld.config.txt; using the device file
linker: Warning: failed to find generated linker configuration from "/linkerconfig/ld.config.txt"
WARNING: linker: Warning: failed to find generated linker configuration from "/linkerconfig/ld.config.txt"
[zb] sysroot has no /system/etc/ld.config.txt; using the device file
[zb] sysroot has no /system/etc/ld.config.txt; using the device file
[zb] sysroot has no /odm/lib; using the device file
[zb] sysroot has no /vendor/lib; using the device file
[zb] sysroot has no /odm/lib/libnetd_client.so; using the device file
[zb] sysroot has no /vendor/lib/libnetd_client.so; using the device file
CFileSystem::open input=/workspace/scratch/283fa0994529/dh2-work/fold7-build/file-fixtures/ patched=0
basic_string
[zb] guest terminated by signal 6
[zb]   r0  00000000  r1  00000017  r2  00000006  r3  feffe280
[zb]   r4  feffe280  r5  00000017  r6  00000017  r7  0000016b
[zb]   r8  00000000  r9  ffffffff  r10 fda40fac  r11 00000000
[zb]   r12 feffe290  r13 feffe278  r14 fdca07eb  r15 fdca07fe
[zb]   cpsr 00070030  tls fdd6d48c  tid 23
[zb]   pc in /workspace/scratch/283fa0994529/dh2-work/research/ZettaBridge/sysroot/system/lib/libc.so offset 0x4b7fe
[zb]   lr in /workspace/scratch/283fa0994529/dh2-work/research/ZettaBridge/sysroot/system/lib/libc.so offset 0x4b7eb
