Surface resized to 2424 x 880
Surface resized to 2424 x 1080
Original front screen loaded | screen main | uri data/menus/dqmenus_droid.swf | clip _root.menu_MainMenu | id 510 | frames 31
Native menu preview selection | slot 0 | force 0 | avatar producer pending
Original front/HUD screen submitted | screen main
Owned menu renderer selected | name menu_EnterName | renderer main
Owned menu navigation | push menu_EnterName | depth 2
Original class selection updated | index 0 | class KnightPlayerBase | preview actors pending
Owned menu renderer selected | name menu_SelectClass | renderer main
Owned menu navigation | push menu_SelectClass | depth 3
Original class scene connected | clips 7 | tracks 27 | body previews 3 | weapons and lighting pending
Original class scene animation | lol_1_idle | 6000 6033
Native menu profile created | slot 0 | class 263 | level 1 | metadata sections 7 | online reads 3 | name private
Native offline registration | entries 1 | added 1 | controllers 4 | renumber 1 | counter 39 | before authored slot assignment; Character association pending
Native menu slot assigned | slot 0 | ordinal 0 | manager stores 1 | player stores 1 | Character association pending
Owned menu renderer selected | name menu_EnterName | renderer main
Owned menu navigation | pop menu_SelectClass | current menu_EnterName | depth 2
Owned menu renderer selected | name menu_MainMenu | renderer main
Owned menu navigation | pop menu_EnterName | current menu_MainMenu | depth 1
Owned menu navigation | pop above menu_MainMenu | current menu_MainMenu | depth 1
Owned menu renderer selected | name menu_StartGame | renderer main
Owned menu navigation | push menu_StartGame | depth 2
Native offline registration | entries 1 | added 0 | controllers 4 | renumber 0 | counter 39 | before authored slot assignment; Character association pending
Native menu slot assigned | slot 0 | ordinal 0 | manager stores 1 | player stores 1 | Character association pending
Development Crypt start requested | slot 0 | numeric 1 | requested difficulty 0 | full source level transition pending
Authored NativeStartGame request queued | selected slot 0 | numeric difficulty 1 | requested difficulty 0 | development Crypt continuation | delivery unwinds before world load
Native WorldMap catalogue | locations 13 | lockers 3 | distinct from FastTravelList; gameplay Save state loader pending
Native Quest catalogue | definitions 64 | immutable table and constants generation
Native managed metadata | players 1 | slot 0 | published680 1 | name setters 1 | class setters 1 | level setters 1 | Save 133951533712784 | Character660 0 | bounded normal offline Manage path; spawn/InitPost pending
Native gameplay class | slot 0 | class 263 | preset KnightPlayerBase | player queries 1 | mask1 calls 1 | publications 1 | own Save 133951533605720 | profile 133951801644744
Native gameplay property cache | class 263 | animation table 48 | max HP 42265 | max MP 6976
Native Quest startup | Save 133951533605720 | Character 4294967297 | log b8 192 | log118 192 | constants 1608 | retained 0 | Compile and quest gameplay pending
Native Player AIS initialized | AI 0x300000001 | AIS 0x79d365864d78 | active 0x79d365864d78 | pending 0x79d365864d78 | phase 7 | VM 0x79d3958999a0 | init mask 1f | HP 42264 / 42265 | MP 6975 / 6976 | timer33 0 | timer34 1 | one source InitProcess; Character profile/grants/frame/activation pending
Native full PlayerInfo | fields 33 | factory 1 | level 1 | class 263 | Character660 0 | slot664 0 | counter 45 | canonical registered; Character association pending
Menu game start | slot 0 | Crypt | 8 rooms | 13 monsters | 84 scenery objects
Connected player HUD submitted | viewport 2424 1080 | character 0x100000001 | HP 42264 42265 | MP 6975 6976 | XP 0 25600 | frames 98 98 0 98 98 | dirty 11 | retained movie 0x79d41585d9b0 | original timeline and viewport
Connected player HUD submitted | viewport 2424 1080 | character 0x100000001 | HP 42265 42265 | MP 6976 6976 | XP 0 25600 | frames 99 99 0 99 99 | dirty 11 | retained movie 0x79d41585d9b0 | original timeline and viewport
Player position -2227.7700 1220.9301 842.3644 | moved 0 | blocked 0
Player position -2258.8330 1384.3542 842.3644 | moved 14 | blocked 2
Player input | Walk closer to an enemy
Player position -2258.8330 1384.3542 842.3644 | moved 14 | blocked 2
Native Quest terminal discard | destroyed b8 192 | log118 192 | source log vectors empty
Original front screen loaded | screen main | uri data/menus/dqmenus_droid.swf | clip _root.menu_MainMenu | id 510 | frames 31
Original front/HUD screen submitted | screen main
Surface resized to 2424 x 1080
Surface resized to 2424 x 880
Surface resized to 2424 x 1080
Original front screen loaded | screen main | uri data/menus/dqmenus_droid.swf | clip _root.menu_MainMenu | id 510 | frames 31
Native menu preview selection | slot 0 | force 0 | avatar producer pending
Original front/HUD screen submitted | screen main
Owned menu renderer selected | name menu_StartGame | renderer main
Owned menu navigation | push menu_StartGame | depth 2
Native offline registration | entries 1 | added 1 | controllers 4 | renumber 1 | counter 39 | before authored slot assignment; Character association pending
Native menu slot assigned | slot 0 | ordinal 0 | manager stores 1 | player stores 1 | Character association pending
Development Crypt start requested | slot 0 | numeric 1 | requested difficulty 0 | full source level transition pending
Authored NativeStartGame request queued | selected slot 0 | numeric difficulty 1 | requested difficulty 0 | development Crypt continuation | delivery unwinds before world load
Native WorldMap catalogue | locations 13 | lockers 3 | distinct from FastTravelList; gameplay Save state loader pending
Native Quest catalogue | definitions 64 | immutable table and constants generation
Native managed metadata | players 1 | slot 0 | published680 1 | name setters 1 | class setters 1 | level setters 1 | Save 133951533887216 | Character660 0 | bounded normal offline Manage path; spawn/InitPost pending
Native gameplay class | slot 0 | class 263 | preset KnightPlayerBase | player queries 1 | mask1 calls 1 | publications 1 | own Save 133951533898280 | profile 133951801062184
Native gameplay property cache | class 263 | animation table 48 | max HP 42265 | max MP 6976
Native Quest startup | Save 133951533898280 | Character 4294967297 | log b8 192 | log118 192 | constants 1608 | retained 0 | Compile and quest gameplay pending
Native Player AIS initialized | AI 0x300000001 | AIS 0x79d365853dc8 | active 0x79d365853dc8 | pending 0x79d365853dc8 | phase 7 | VM 0x79d395897de0 | init mask 1f | HP 42264 / 42265 | MP 6975 / 6976 | timer33 0 | timer34 1 | one source InitProcess; Character profile/grants/frame/activation pending
Native full PlayerInfo | fields 33 | factory 1 | level 1 | class 263 | Character660 0 | slot664 0 | counter 45 | canonical registered; Character association pending
Menu game start | slot 0 | Crypt | 8 rooms | 13 monsters | 84 scenery objects
Connected player HUD submitted | viewport 2424 1080 | character 0x100000001 | HP 42264 42265 | MP 6975 6976 | XP 0 25600 | frames 98 98 0 98 98 | dirty 11 | retained movie 0x79d41585cce0 | original timeline and viewport
Connected player HUD submitted | viewport 2424 1080 | character 0x100000001 | HP 42265 42265 | MP 6976 6976 | XP 0 25600 | frames 99 99 0 99 99 | dirty 11 | retained movie 0x79d41585cce0 | original timeline and viewport
Player position -2227.7700 1220.9301 842.3644 | moved 0 | blocked 0
Surface resized to 2424 x 1080
Native WorldMap catalogue | locations 13 | lockers 3 | distinct from FastTravelList; gameplay Save state loader pending
Native Quest catalogue | definitions 64 | immutable table and constants generation
Native managed metadata | players 1 | slot 0 | published680 1 | name setters 0 | class setters 0 | level setters 0 | Save 133951533904880 | Character660 0 | bounded normal offline Manage path; spawn/InitPost pending
Native gameplay class | slot 0 | class 263 | preset KnightPlayerBase | player queries 1 | mask1 calls 1 | publications 1 | own Save 133951533906008 | profile 133951801150744
Native gameplay property cache | class 263 | animation table 48 | max HP 42265 | max MP 6976
Native Quest startup | Save 133951533898280 | Character 4294967297 | log b8 192 | log118 192 | constants 1608 | retained 1 | Compile and quest gameplay pending
Native Player AIS retained | initialized 1 | AI 0x300000001 | AIS 0x79d365853dc8 | active 0x79d365853dc8 | pending 0x79d365853dc8 | phase 7 | timer33 0 | timer34 1 | same owner/failure latch; no load/InitProcess replay
Native full PlayerInfo | fields 33 | factory 1 | level 1 | class 263 | Character660 0 | slot664 0 | counter 45 | canonical registered; Character association pending
Menu game start | slot 0 | Crypt | 8 rooms | 13 monsters | 84 scenery objects
Connected player HUD submitted | viewport 2424 1080 | character 0x100000001 | HP 42265 42265 | MP 6976 6976 | XP 0 25600 | frames 99 99 0 99 99 | dirty 11 | retained movie 0x79d41585cce0 | original timeline and viewport
Player position -2227.7700 1220.9301 842.3644 | moved 0 | blocked 0
Native Quest terminal discard | destroyed b8 192 | log118 192 | source log vectors empty
Original front screen loaded | screen main | uri data/menus/dqmenus_droid.swf | clip _root.menu_MainMenu | id 510 | frames 31
Original front/HUD screen submitted | screen main
Surface resized to 2424 x 880
Surface resized to 2424 x 1080
Original front screen loaded | screen main | uri data/menus/dqmenus_droid.swf | clip _root.menu_MainMenu | id 510 | frames 31
Native menu preview selection | slot 0 | force 0 | avatar producer pending
Original front/HUD screen submitted | screen main
Native menu preview selection | slot 1 | force 0 | avatar producer pending
Owned menu renderer selected | name menu_EnterName | renderer main
Owned menu navigation | push menu_EnterName | depth 2
Original class selection updated | index 0 | class KnightPlayerBase | preview actors pending
Owned menu renderer selected | name menu_SelectClass | renderer main
Owned menu navigation | push menu_SelectClass | depth 3
Original class scene connected | clips 7 | tracks 27 | body previews 3 | weapons and lighting pending
Original class scene animation | lol_1_idle | 6000 6033
Original class scene animation | lol_1_to_2 | 0 1299
Original class selection updated | index 1 | class RoguePlayerBase | preview actors pending
Original class scene animation | lol_2_idle | 6333 6366
Native menu profile created | slot 1 | class 325 | level 1 | metadata sections 7 | online reads 3 | name private
Native offline registration | entries 1 | added 1 | controllers 4 | renumber 1 | counter 39 | before authored slot assignment; Character association pending
Native menu slot assigned | slot 1 | ordinal 0 | manager stores 1 | player stores 1 | Character association pending
Owned menu renderer selected | name menu_EnterName | renderer main
Owned menu navigation | pop menu_SelectClass | current menu_EnterName | depth 2
Owned menu renderer selected | name menu_MainMenu | renderer main
Owned menu navigation | pop menu_EnterName | current menu_MainMenu | depth 1
Owned menu navigation | pop above menu_MainMenu | current menu_MainMenu | depth 1
Owned menu renderer selected | name menu_StartGame | renderer main
Owned menu navigation | push menu_StartGame | depth 2
Native offline registration | entries 1 | added 0 | controllers 4 | renumber 0 | counter 39 | before authored slot assignment; Character association pending
Native menu slot assigned | slot 1 | ordinal 0 | manager stores 1 | player stores 1 | Character association pending
Development Crypt start requested | slot 1 | numeric 1 | requested difficulty 0 | full source level transition pending
Authored NativeStartGame request queued | selected slot 1 | numeric difficulty 1 | requested difficulty 0 | development Crypt continuation | delivery unwinds before world load
Native WorldMap catalogue | locations 13 | lockers 3 | distinct from FastTravelList; gameplay Save state loader pending
Native Quest catalogue | definitions 64 | immutable table and constants generation
Native managed metadata | players 1 | slot 1 | published680 1 | name setters 1 | class setters 1 | level setters 1 | Save 133951533572576 | Character660 0 | bounded normal offline Manage path; spawn/InitPost pending
Native gameplay class | slot 1 | class 325 | preset RoguePlayerBase | player queries 1 | mask1 calls 1 | publications 1 | own Save 133951533495320 | profile 133951801643544
Native gameplay property cache | class 325 | animation table 50 | max HP 37580 | max MP 10304
Native Quest startup | Save 133951533495320 | Character 4294967297 | log b8 192 | log118 192 | constants 1608 | retained 0 | Compile and quest gameplay pending
Native Player AIS initialized | AI 0x300000001 | AIS 0x79d36585fcf8 | active 0x79d36585fcf8 | pending 0x79d36585fcf8 | phase 7 | VM 0x79d395898e10 | init mask 1f | HP 37579 / 37580 | MP 10303 / 10304 | timer33 0 | timer34 1 | one source InitProcess; Character profile/grants/frame/activation pending
Native full PlayerInfo | fields 33 | factory 1 | level 1 | class 325 | Character660 0 | slot664 1 | counter 45 | canonical registered; Character association pending
Menu game start | slot 1 | Crypt | 8 rooms | 13 monsters | 84 scenery objects
Connected player HUD submitted | viewport 2424 1080 | character 0x100000001 | HP 37579 37580 | MP 10303 10304 | XP 0 25600 | frames 98 98 0 98 98 | dirty 11 | retained movie 0x79d41585cba0 | original timeline and viewport
Connected player HUD submitted | viewport 2424 1080 | character 0x100000001 | HP 37580 37580 | MP 10304 10304 | XP 0 25600 | frames 99 99 0 99 99 | dirty 11 | retained movie 0x79d41585cba0 | original timeline and viewport
Player position -2227.7700 1220.9301 842.3644 | moved 0 | blocked 0
Native Quest terminal discard | destroyed b8 192 | log118 192 | source log vectors empty
Original front screen loaded | screen main | uri data/menus/dqmenus_droid.swf | clip _root.menu_MainMenu | id 510 | frames 31
Native menu preview selection | slot 0 | force 0 | avatar producer pending
Original front/HUD screen submitted | screen main
Surface resized to 2424 x 880
Surface resized to 2424 x 1080
Original front screen loaded | screen main | uri data/menus/dqmenus_droid.swf | clip _root.menu_MainMenu | id 510 | frames 31
Native menu preview selection | slot 0 | force 0 | avatar producer pending
Original front/HUD screen submitted | screen main
Native menu preview selection | slot 1 | force 0 | avatar producer pending
Owned menu renderer selected | name menu_StartGame | renderer main
Owned menu navigation | push menu_StartGame | depth 2
Native offline registration | entries 1 | added 1 | controllers 4 | renumber 1 | counter 39 | before authored slot assignment; Character association pending
Native menu slot assigned | slot 1 | ordinal 0 | manager stores 1 | player stores 1 | Character association pending
Development Crypt start requested | slot 1 | numeric 1 | requested difficulty 0 | full source level transition pending
Authored NativeStartGame request queued | selected slot 1 | numeric difficulty 1 | requested difficulty 0 | development Crypt continuation | delivery unwinds before world load
Native WorldMap catalogue | locations 13 | lockers 3 | distinct from FastTravelList; gameplay Save state loader pending
Native Quest catalogue | definitions 64 | immutable table and constants generation
Native managed metadata | players 1 | slot 1 | published680 1 | name setters 1 | class setters 1 | level setters 1 | Save 133951533684080 | Character660 0 | bounded normal offline Manage path; spawn/InitPost pending
Native gameplay class | slot 1 | class 325 | preset RoguePlayerBase | player queries 1 | mask1 calls 1 | publications 1 | own Save 133951533690728 | profile 133951801068344
Native gameplay property cache | class 325 | animation table 50 | max HP 37580 | max MP 10304
Native Quest startup | Save 133951533690728 | Character 4294967297 | log b8 192 | log118 192 | constants 1608 | retained 0 | Compile and quest gameplay pending
Native Player AIS initialized | AI 0x300000001 | AIS 0x79d365853dc8 | active 0x79d365853dc8 | pending 0x79d365853dc8 | phase 7 | VM 0x79d395894fa0 | init mask 1f | HP 37579 / 37580 | MP 10303 / 10304 | timer33 0 | timer34 1 | one source InitProcess; Character profile/grants/frame/activation pending
Native full PlayerInfo | fields 33 | factory 1 | level 1 | class 325 | Character660 0 | slot664 1 | counter 45 | canonical registered; Character association pending
Menu game start | slot 1 | Crypt | 8 rooms | 13 monsters | 84 scenery objects
Connected player HUD submitted | viewport 2424 1080 | character 0x100000001 | HP 37579 37580 | MP 10303 10304 | XP 0 25600 | frames 98 98 0 98 98 | dirty 11 | retained movie 0x79d41585cba0 | original timeline and viewport
Connected player HUD submitted | viewport 2424 1080 | character 0x100000001 | HP 37580 37580 | MP 10304 10304 | XP 0 25600 | frames 99 99 0 99 99 | dirty 11 | retained movie 0x79d41585cba0 | original timeline and viewport
Player position -2227.7700 1220.9301 842.3644 | moved 0 | blocked 0
Surface resized to 2424 x 1080
Native WorldMap catalogue | locations 13 | lockers 3 | distinct from FastTravelList; gameplay Save state loader pending
Native Quest catalogue | definitions 64 | immutable table and constants generation
Native managed metadata | players 1 | slot 1 | published680 1 | name setters 0 | class setters 0 | level setters 0 | Save 133951533691808 | Character660 0 | bounded normal offline Manage path; spawn/InitPost pending
Native gameplay class | slot 1 | class 325 | preset RoguePlayerBase | player queries 1 | mask1 calls 1 | publications 1 | own Save 133951533706184 | profile 133951801589624
Native gameplay property cache | class 325 | animation table 50 | max HP 37580 | max MP 10304
Native Quest startup | Save 133951533690728 | Character 4294967297 | log b8 192 | log118 192 | constants 1608 | retained 1 | Compile and quest gameplay pending
Native Player AIS retained | initialized 1 | AI 0x300000001 | AIS 0x79d365853dc8 | active 0x79d365853dc8 | pending 0x79d365853dc8 | phase 7 | timer33 0 | timer34 1 | same owner/failure latch; no load/InitProcess replay
Native full PlayerInfo | fields 33 | factory 1 | level 1 | class 325 | Character660 0 | slot664 1 | counter 45 | canonical registered; Character association pending
Menu game start | slot 1 | Crypt | 8 rooms | 13 monsters | 84 scenery objects
Connected player HUD submitted | viewport 2424 1080 | character 0x100000001 | HP 37580 37580 | MP 10304 10304 | XP 0 25600 | frames 99 99 0 99 99 | dirty 11 | retained movie 0x79d41585cba0 | original timeline and viewport
Player position -2227.7700 1220.9301 842.3644 | moved 0 | blocked 0
Native Quest terminal discard | destroyed b8 192 | log118 192 | source log vectors empty
Original front screen loaded | screen main | uri data/menus/dqmenus_droid.swf | clip _root.menu_MainMenu | id 510 | frames 31
Native menu preview selection | slot 0 | force 0 | avatar producer pending
Original front/HUD screen submitted | screen main
Surface resized to 2424 x 880
Surface resized to 2424 x 1080
Original front screen loaded | screen main | uri data/menus/dqmenus_droid.swf | clip _root.menu_MainMenu | id 510 | frames 31
Native menu preview selection | slot 0 | force 0 | avatar producer pending
Original front/HUD screen submitted | screen main
Native menu preview selection | slot 1 | force 0 | avatar producer pending
Native menu preview selection | slot 2 | force 0 | avatar producer pending
Owned menu renderer selected | name menu_EnterName | renderer main
Owned menu navigation | push menu_EnterName | depth 2
Original class selection updated | index 0 | class KnightPlayerBase | preview actors pending
Owned menu renderer selected | name menu_SelectClass | renderer main
Owned menu navigation | push menu_SelectClass | depth 3
Original class scene connected | clips 7 | tracks 27 | body previews 3 | weapons and lighting pending
Original class scene animation | lol_1_idle | 6000 6033
Original class scene animation | lol_1_to_2 | 0 1299
Original class selection updated | index 1 | class RoguePlayerBase | preview actors pending
Original class scene animation | lol_2_idle | 6333 6366
Original class scene animation | lol_2_to_3 | 1333 2633
Original class selection updated | index 2 | class MagePlayerBase | preview actors pending
Original class scene animation | lol_3_idle | 6666 6699
Native menu profile created | slot 2 | class 290 | level 1 | metadata sections 7 | online reads 3 | name private
Native offline registration | entries 1 | added 1 | controllers 4 | renumber 1 | counter 39 | before authored slot assignment; Character association pending
Native menu slot assigned | slot 2 | ordinal 0 | manager stores 1 | player stores 1 | Character association pending
Owned menu renderer selected | name menu_EnterName | renderer main
Owned menu navigation | pop menu_SelectClass | current menu_EnterName | depth 2
Owned menu renderer selected | name menu_MainMenu | renderer main
Owned menu navigation | pop menu_EnterName | current menu_MainMenu | depth 1
Owned menu navigation | pop above menu_MainMenu | current menu_MainMenu | depth 1
Owned menu renderer selected | name menu_StartGame | renderer main
Owned menu navigation | push menu_StartGame | depth 2
Native offline registration | entries 1 | added 0 | controllers 4 | renumber 0 | counter 39 | before authored slot assignment; Character association pending
Native menu slot assigned | slot 2 | ordinal 0 | manager stores 1 | player stores 1 | Character association pending
Development Crypt start requested | slot 2 | numeric 1 | requested difficulty 0 | full source level transition pending
Authored NativeStartGame request queued | selected slot 2 | numeric difficulty 1 | requested difficulty 0 | development Crypt continuation | delivery unwinds before world load
Native WorldMap catalogue | locations 13 | lockers 3 | distinct from FastTravelList; gameplay Save state loader pending
Native Quest catalogue | definitions 64 | immutable table and constants generation
Native managed metadata | players 1 | slot 2 | published680 1 | name setters 1 | class setters 1 | level setters 1 | Save 133951533567056 | Character660 0 | bounded normal offline Manage path; spawn/InitPost pending
Native gameplay class | slot 2 | class 290 | preset MagePlayerBase | player queries 1 | mask1 calls 1 | publications 1 | own Save 133951533611240 | profile 133951801709704
Native gameplay property cache | class 290 | animation table 49 | max HP 36096 | max MP 20096
Native Quest startup | Save 133951533611240 | Character 4294967297 | log b8 192 | log118 192 | constants 1608 | retained 0 | Compile and quest gameplay pending
Native Player AIS initialized | AI 0x300000001 | AIS 0x79d36581c848 | active 0x79d36581c848 | pending 0x79d36581c848 | phase 7 | VM 0x79d3958a26b0 | init mask 1f | HP 36095 / 36096 | MP 20095 / 20096 | timer33 0 | timer34 1 | one source InitProcess; Character profile/grants/frame/activation pending
Native full PlayerInfo | fields 33 | factory 1 | level 1 | class 290 | Character660 0 | slot664 2 | counter 45 | canonical registered; Character association pending
Menu game start | slot 2 | Crypt | 8 rooms | 13 monsters | 84 scenery objects
Connected player HUD submitted | viewport 2424 1080 | character 0x100000001 | HP 36095 36096 | MP 20095 20096 | XP 0 25600 | frames 98 98 0 98 98 | dirty 11 | retained movie 0x79d41585d4b0 | original timeline and viewport
Connected player HUD submitted | viewport 2424 1080 | character 0x100000001 | HP 36096 36096 | MP 20096 20096 | XP 0 25600 | frames 99 99 0 99 99 | dirty 11 | retained movie 0x79d41585d4b0 | original timeline and viewport
Player position -2227.7700 1220.9301 842.3644 | moved 0 | blocked 0
Native Quest terminal discard | destroyed b8 192 | log118 192 | source log vectors empty
Original front screen loaded | screen main | uri data/menus/dqmenus_droid.swf | clip _root.menu_MainMenu | id 510 | frames 31
Native menu preview selection | slot 0 | force 0 | avatar producer pending
Original front/HUD screen submitted | screen main
Surface resized to 2424 x 880
Original front screen loaded | screen main | uri data/menus/dqmenus_droid.swf | clip _root.menu_MainMenu | id 510 | frames 31
Native menu preview selection | slot 0 | force 0 | avatar producer pending
Original front/HUD screen submitted | screen main
Surface resized to 2424 x 1080
Original front/HUD screen submitted | screen main
Native menu preview selection | slot 1 | force 0 | avatar producer pending
Native menu preview selection | slot 2 | force 0 | avatar producer pending
Owned menu renderer selected | name menu_StartGame | renderer main
Owned menu navigation | push menu_StartGame | depth 2
Native offline registration | entries 1 | added 1 | controllers 4 | renumber 1 | counter 39 | before authored slot assignment; Character association pending
Native menu slot assigned | slot 2 | ordinal 0 | manager stores 1 | player stores 1 | Character association pending
Development Crypt start requested | slot 2 | numeric 1 | requested difficulty 0 | full source level transition pending
Authored NativeStartGame request queued | selected slot 2 | numeric difficulty 1 | requested difficulty 0 | development Crypt continuation | delivery unwinds before world load
Native WorldMap catalogue | locations 13 | lockers 3 | distinct from FastTravelList; gameplay Save state loader pending
Native Quest catalogue | definitions 64 | immutable table and constants generation
Native managed metadata | players 1 | slot 2 | published680 1 | name setters 1 | class setters 1 | level setters 1 | Save 133951533612320 | Character660 0 | bounded normal offline Manage path; spawn/InitPost pending
Native gameplay class | slot 2 | class 290 | preset MagePlayerBase | player queries 1 | mask1 calls 1 | publications 1 | own Save 133951533613448 | profile 133951801068024
Native gameplay property cache | class 290 | animation table 49 | max HP 36096 | max MP 20096
Native Quest startup | Save 133951533613448 | Character 4294967297 | log b8 192 | log118 192 | constants 1608 | retained 0 | Compile and quest gameplay pending
Native Player AIS initialized | AI 0x300000001 | AIS 0x79d365850168 | active 0x79d365850168 | pending 0x79d365850168 | phase 7 | VM 0x79d3958974a0 | init mask 1f | HP 36095 / 36096 | MP 20095 / 20096 | timer33 0 | timer34 1 | one source InitProcess; Character profile/grants/frame/activation pending
Native full PlayerInfo | fields 33 | factory 1 | level 1 | class 290 | Character660 0 | slot664 2 | counter 45 | canonical registered; Character association pending
Menu game start | slot 2 | Crypt | 8 rooms | 13 monsters | 84 scenery objects
Connected player HUD submitted | viewport 2424 1080 | character 0x100000001 | HP 36095 36096 | MP 20095 20096 | XP 0 25600 | frames 98 98 0 98 98 | dirty 11 | retained movie 0x79d415872bd0 | original timeline and viewport
Connected player HUD submitted | viewport 2424 1080 | character 0x100000001 | HP 36096 36096 | MP 20096 20096 | XP 0 25600 | frames 99 99 0 99 99 | dirty 11 | retained movie 0x79d415872bd0 | original timeline and viewport
Player position -2227.7700 1220.9301 842.3644 | moved 0 | blocked 0
Surface resized to 2424 x 1080
Native WorldMap catalogue | locations 13 | lockers 3 | distinct from FastTravelList; gameplay Save state loader pending
Native Quest catalogue | definitions 64 | immutable table and constants generation
Native managed metadata | players 1 | slot 2 | published680 1 | name setters 0 | class setters 0 | level setters 0 | Save 133951533591344 | Character660 0 | bounded normal offline Manage path; spawn/InitPost pending
Native gameplay class | slot 2 | class 290 | preset MagePlayerBase | player queries 1 | mask1 calls 1 | publications 1 | own Save 133951533596888 | profile 133951801230264
Native gameplay property cache | class 290 | animation table 49 | max HP 36096 | max MP 20096
Native Quest startup | Save 133951533613448 | Character 4294967297 | log b8 192 | log118 192 | constants 1608 | retained 1 | Compile and quest gameplay pending
Native Player AIS retained | initialized 1 | AI 0x300000001 | AIS 0x79d365850168 | active 0x79d365850168 | pending 0x79d365850168 | phase 7 | timer33 0 | timer34 1 | same owner/failure latch; no load/InitProcess replay
Native full PlayerInfo | fields 33 | factory 1 | level 1 | class 290 | Character660 0 | slot664 2 | counter 45 | canonical registered; Character association pending
Menu game start | slot 2 | Crypt | 8 rooms | 13 monsters | 84 scenery objects
Connected player HUD submitted | viewport 2424 1080 | character 0x100000001 | HP 36096 36096 | MP 20096 20096 | XP 0 25600 | frames 99 99 0 99 99 | dirty 11 | retained movie 0x79d415872bd0 | original timeline and viewport
Player position -2227.7700 1220.9301 842.3644 | moved 0 | blocked 0
Native Quest terminal discard | destroyed b8 192 | log118 192 | source log vectors empty
Original front screen loaded | screen main | uri data/menus/dqmenus_droid.swf | clip _root.menu_MainMenu | id 510 | frames 31
Native menu preview selection | slot 0 | force 0 | avatar producer pending
Original front/HUD screen submitted | screen main
